Java HotSpot(TM) 64-Bit Server VM (25.251-b08) for windows-amd64 JRE (1.8.0_251-b08), built on Mar 12 2020 06:31:49 by "" with MS VC++ 10.0 (VS2010)
Memory: 4k page, physical 16474840k(7595224k free), swap 24666840k(12611688k free)
CommandLine flags: -XX:InitialHeapSize=536870912 -XX:MaxHeapSize=536870912 -XX:+PrintGC -XX:+PrintGCDetails -XX:+PrintGCTimeStamps -XX:+UseCompressedClassPointers -XX:+UseCompressedOops -XX:+UseG1GC -XX:-UseLargePagesIndividualAllocation 
0.403: [GC pause (G1 Evacuation Pause) (young), 0.0050434 secs]
   [Parallel Time: 4.0 ms, GC Workers: 8]
      [GC Worker Start (ms): Min: 403.5, Avg: 403.6, Max: 403.9, Diff: 0.4]
      [Ext Root Scanning (ms): Min: 0.0, Avg: 0.2, Max: 0.5, Diff: 0.5, Sum: 1.6]
      [Update RS (ms): Min: 0.0, Avg: 0.0, Max: 0.0, Diff: 0.0, Sum: 0.0]
         [Processed Buffers: Min: 0, Avg: 0.0, Max: 0, Diff: 0, Sum: 0]
      [Scan RS (ms): Min: 0.0, Avg: 0.0, Max: 0.0, Diff: 0.0, Sum: 0.0]
      [Code Root Scanning (ms): Min: 0.0, Avg: 0.1, Max: 0.3, Diff: 0.3, Sum: 0.7]
      [Object Copy (ms): Min: 3.4, Avg: 3.5, Max: 3.7, Diff: 0.3, Sum: 28.2]
      [Termination (ms): Min: 0.0, Avg: 0.0, Max: 0.0, Diff: 0.0, Sum: 0.2]
         [Termination Attempts: Min: 1, Avg: 12.0, Max: 20, Diff: 19, Sum: 96]
      [GC Worker Other (ms): Min: 0.0, Avg: 0.0, Max: 0.0, Diff: 0.0, Sum: 0.2]
      [GC Worker Total (ms): Min: 3.5, Avg: 3.9, Max: 3.9, Diff: 0.4, Sum: 31.0]
      [GC Worker End (ms): Min: 407.4, Avg: 407.5, Max: 407.5, Diff: 0.0]
   [Code Root Fixup: 0.0 ms]
   [Code Root Purge: 0.0 ms]
   [Clear CT: 0.1 ms]
   [Other: 0.9 ms]
      [Choose CSet: 0.0 ms]
      [Ref Proc: 0.6 ms]
      [Ref Enq: 0.0 ms]
      [Redirty Cards: 0.2 ms]
      [Humongous Register: 0.0 ms]
      [Humongous Reclaim: 0.0 ms]
      [Free CSet: 0.0 ms]
   [Eden: 25.0M(25.0M)->0.0B(33.0M) Survivors: 0.0B->3072.0K Heap: 25.0M(512.0M)->3030.3K(512.0M)]
 [Times: user=0.08 sys=0.03, real=0.00 secs] 
0.543: [GC pause (G1 Evacuation Pause) (young), 0.0031884 secs]
   [Parallel Time: 2.1 ms, GC Workers: 8]
      [GC Worker Start (ms): Min: 543.0, Avg: 543.5, Max: 545.0, Diff: 2.0]
      [Ext Root Scanning (ms): Min: 0.0, Avg: 0.2, Max: 0.7, Diff: 0.7, Sum: 1.6]
      [Update RS (ms): Min: 0.0, Avg: 0.0, Max: 0.0, Diff: 0.0, Sum: 0.0]
         [Processed Buffers: Min: 0, Avg: 0.0, Max: 0, Diff: 0, Sum: 0]
      [Scan RS (ms): Min: 0.0, Avg: 0.0, Max: 0.0, Diff: 0.0, Sum: 0.0]
      [Code Root Scanning (ms): Min: 0.0, Avg: 0.1, Max: 0.6, Diff: 0.6, Sum: 0.6]
      [Object Copy (ms): Min: 0.0, Avg: 1.1, Max: 1.7, Diff: 1.7, Sum: 9.0]
      [Termination (ms): Min: 0.0, Avg: 0.1, Max: 0.1, Diff: 0.1, Sum: 0.5]
         [Termination Attempts: Min: 1, Avg: 18.3, Max: 37, Diff: 36, Sum: 146]
      [GC Worker Other (ms): Min: 0.0, Avg: 0.0, Max: 0.0, Diff: 0.0, Sum: 0.1]
      [GC Worker Total (ms): Min: 0.0, Avg: 1.5, Max: 2.0, Diff: 2.0, Sum: 11.8]
      [GC Worker End (ms): Min: 545.0, Avg: 545.0, Max: 545.0, Diff: 0.0]
   [Code Root Fixup: 0.0 ms]
   [Code Root Purge: 0.0 ms]
   [Clear CT: 0.1 ms]
   [Other: 0.9 ms]
      [Choose CSet: 0.0 ms]
      [Ref Proc: 0.6 ms]
      [Ref Enq: 0.0 ms]
      [Redirty Cards: 0.1 ms]
      [Humongous Register: 0.0 ms]
      [Humongous Reclaim: 0.0 ms]
      [Free CSet: 0.0 ms]
   [Eden: 33.0M(33.0M)->0.0B(302.0M) Survivors: 3072.0K->5120.0K Heap: 36.0M(512.0M)->5038.5K(512.0M)]
 [Times: user=0.03 sys=0.03, real=0.00 secs] 
1.045: [GC pause (Metadata GC Threshold) (young) (initial-mark), 0.0096117 secs]
   [Parallel Time: 5.1 ms, GC Workers: 8]
      [GC Worker Start (ms): Min: 1045.3, Avg: 1045.5, Max: 1045.9, Diff: 0.6]
      [Ext Root Scanning (ms): Min: 0.5, Avg: 1.3, Max: 4.4, Diff: 3.9, Sum: 10.5]
      [Update RS (ms): Min: 0.0, Avg: 0.0, Max: 0.0, Diff: 0.0, Sum: 0.0]
         [Processed Buffers: Min: 0, Avg: 0.0, Max: 0, Diff: 0, Sum: 0]
      [Scan RS (ms): Min: 0.0, Avg: 0.0, Max: 0.0, Diff: 0.0, Sum: 0.2]
      [Code Root Scanning (ms): Min: 0.0, Avg: 0.5, Max: 2.1, Diff: 2.1, Sum: 4.3]
      [Object Copy (ms): Min: 0.5, Avg: 2.9, Max: 4.1, Diff: 3.6, Sum: 23.1]
      [Termination (ms): Min: 0.0, Avg: 0.0, Max: 0.0, Diff: 0.0, Sum: 0.0]
         [Termination Attempts: Min: 2, Avg: 23.4, Max: 33, Diff: 31, Sum: 187]
      [GC Worker Other (ms): Min: 0.0, Avg: 0.0, Max: 0.0, Diff: 0.0, Sum: 0.2]
      [GC Worker Total (ms): Min: 4.4, Avg: 4.8, Max: 5.0, Diff: 0.6, Sum: 38.3]
      [GC Worker End (ms): Min: 1050.3, Avg: 1050.3, Max: 1050.3, Diff: 0.0]
   [Code Root Fixup: 0.1 ms]
   [Code Root Purge: 0.0 ms]
   [Clear CT: 0.1 ms]
   [Other: 4.3 ms]
      [Choose CSet: 0.0 ms]
      [Ref Proc: 3.9 ms]
      [Ref Enq: 0.0 ms]
      [Redirty Cards: 0.1 ms]
      [Humongous Register: 0.0 ms]
      [Humongous Reclaim: 0.0 ms]
      [Free CSet: 0.1 ms]
   [Eden: 219.0M(302.0M)->0.0B(288.0M) Survivors: 5120.0K->19.0M Heap: 223.4M(512.0M)->18.8M(512.0M)]
 [Times: user=0.00 sys=0.00, real=0.01 secs] 
1.055: [GC concurrent-root-region-scan-start]
1.060: [GC concurrent-root-region-scan-end, 0.0054997 secs]
1.060: [GC concurrent-mark-start]
1.061: [GC concurrent-mark-end, 0.0000895 secs]
1.061: [GC remark 1.061: [Finalize Marking, 0.0002309 secs] 1.061: [GC ref-proc, 0.0001458 secs] 1.061: [Unloading, 0.0025143 secs], 0.0031055 secs]
 [Times: user=0.00 sys=0.00, real=0.00 secs] 
1.064: [GC cleanup 22M->22M(512M), 0.0005604 secs]
 [Times: user=0.00 sys=0.00, real=0.00 secs] 
2.584: [GC pause (G1 Evacuation Pause) (young), 0.0136508 secs]
   [Parallel Time: 8.9 ms, GC Workers: 8]
      [GC Worker Start (ms): Min: 2584.5, Avg: 2584.6, Max: 2584.6, Diff: 0.1]
      [Ext Root Scanning (ms): Min: 0.1, Avg: 0.6, Max: 2.4, Diff: 2.3, Sum: 4.9]
      [Update RS (ms): Min: 0.0, Avg: 0.0, Max: 0.0, Diff: 0.0, Sum: 0.0]
         [Processed Buffers: Min: 0, Avg: 0.0, Max: 0, Diff: 0, Sum: 0]
      [Scan RS (ms): Min: 0.0, Avg: 0.0, Max: 0.0, Diff: 0.0, Sum: 0.2]
      [Code Root Scanning (ms): Min: 0.0, Avg: 0.5, Max: 1.1, Diff: 1.1, Sum: 4.4]
      [Object Copy (ms): Min: 6.3, Avg: 7.5, Max: 8.2, Diff: 1.9, Sum: 60.2]
      [Termination (ms): Min: 0.0, Avg: 0.0, Max: 0.0, Diff: 0.0, Sum: 0.1]
         [Termination Attempts: Min: 2, Avg: 141.3, Max: 188, Diff: 186, Sum: 1130]
      [GC Worker Other (ms): Min: 0.0, Avg: 0.0, Max: 0.0, Diff: 0.0, Sum: 0.2]
      [GC Worker Total (ms): Min: 8.7, Avg: 8.7, Max: 8.8, Diff: 0.1, Sum: 70.0]
      [GC Worker End (ms): Min: 2593.3, Avg: 2593.3, Max: 2593.3, Diff: 0.0]
   [Code Root Fixup: 0.2 ms]
   [Code Root Purge: 0.0 ms]
   [Clear CT: 0.5 ms]
   [Other: 4.0 ms]
      [Choose CSet: 0.0 ms]
      [Ref Proc: 3.2 ms]
      [Ref Enq: 0.0 ms]
      [Redirty Cards: 0.5 ms]
      [Humongous Register: 0.0 ms]
      [Humongous Reclaim: 0.0 ms]
      [Free CSet: 0.3 ms]
   [Eden: 288.0M(288.0M)->0.0B(283.0M) Survivors: 19.0M->24.0M Heap: 306.8M(512.0M)->23.5M(512.0M)]
 [Times: user=0.13 sys=0.00, real=0.01 secs]

24.592: [GC pause (Metadata GC Threshold) (young) (initial-mark), 0.0115711 secs]
   [Parallel Time: 8.7 ms, GC Workers: 8]
      [GC Worker Start (ms): Min: 24592.2, Avg: 24592.4, Max: 24592.4, Diff: 0.2]
      [Ext Root Scanning (ms): Min: 1.1, Avg: 1.3, Max: 1.5, Diff: 0.4, Sum: 10.0]
      [Update RS (ms): Min: 0.0, Avg: 0.0, Max: 0.0, Diff: 0.0, Sum: 0.0]
         [Processed Buffers: Min: 0, Avg: 0.0, Max: 0, Diff: 0, Sum: 0]
      [Scan RS (ms): Min: 0.0, Avg: 0.0, Max: 0.0, Diff: 0.0, Sum: 0.1]
      [Code Root Scanning (ms): Min: 0.1, Avg: 0.6, Max: 1.1, Diff: 1.1, Sum: 4.7]
      [Object Copy (ms): Min: 5.8, Avg: 6.5, Max: 7.2, Diff: 1.4, Sum: 52.3]
      [Termination (ms): Min: 0.0, Avg: 0.0, Max: 0.0, Diff: 0.0, Sum: 0.1]
         [Termination Attempts: Min: 1, Avg: 97.0, Max: 128, Diff: 127, Sum: 776]
      [GC Worker Other (ms): Min: 0.0, Avg: 0.0, Max: 0.1, Diff: 0.0, Sum: 0.3]
      [GC Worker Total (ms): Min: 8.4, Avg: 8.4, Max: 8.6, Diff: 0.2, Sum: 67.5]
      [GC Worker End (ms): Min: 24600.8, Avg: 24600.8, Max: 24600.8, Diff: 0.0]
   [Code Root Fixup: 0.2 ms]
   [Code Root Purge: 0.0 ms]
   [Clear CT: 0.7 ms]
   [Other: 2.0 ms]
      [Choose CSet: 0.0 ms]
      [Ref Proc: 1.2 ms]
      [Ref Enq: 0.0 ms]
      [Redirty Cards: 0.4 ms]
      [Humongous Register: 0.0 ms]
      [Humongous Reclaim: 0.0 ms]
      [Free CSet: 0.2 ms]
   [Eden: 158.0M(283.0M)->0.0B(286.0M) Survivors: 24.0M->21.0M Heap: 181.5M(512.0M)->21.0M(512.0M)]
 [Times: user=0.00 sys=0.00, real=0.01 secs] 
24.604: [GC concurrent-root-region-scan-start]
24.612: [GC concurrent-root-region-scan-end, 0.0084493 secs]
24.612: [GC concurrent-mark-start]
24.628: [GC concurrent-mark-end, 0.0159705 secs]
24.629: [GC remark 24.630: [Finalize Marking, 0.0009916 secs] 24.631: [GC ref-proc, 0.0011161 secs] 24.632: [Unloading, 0.0128063 secs], 0.0162690 secs]
 [Times: user=0.13 sys=0.00, real=0.02 secs] 
24.646: [GC cleanup 21M->21M(512M), 0.0025704 secs]
 [Times: user=0.00 sys=0.00, real=0.00 secs] Heap
 garbage-first heap   total 524288K, used 38911K [0x00000000e0000000, 0x00000000e0101000, 0x0000000100000000)
  region size 1024K, 39 young (39936K), 21 survivors (21504K)
 Metaspace       used 35142K, capacity 36764K, committed 37072K, reserved 1081344K
  class space    used 4540K, capacity 4851K, committed 4912K, reserved 1048576K
ing at 2021/7/26 17:10:02
[Press C to stop the test]
100     (RPS: 289.9)
---------------Finished!----------------
Finished at 2021/7/26 17:10:02 (took 00:00:00.4563409)
Status 200:    100

RPS: 69.7 (requests/second)
Max: 176ms
Min: 0ms
Avg: 2.8ms

  50%   below 1ms
  60%   below 1ms
  70%   below 1ms
  80%   below 1ms
  90%   below 1ms
  95%   below 1ms
  98%   below 2ms
  99%   below 176ms
99.9%   below 176ms