Java HotSpot(TM) 64-Bit Server VM (25.251-b08) for windows-amd64 JRE (1.8.0_251-b08), built on Mar 12 2020 06:31:49 by "" with MS VC++ 10.0 (VS2010)
Memory: 4k page, physical 16474840k(7618140k free), swap 24666840k(12562420k free)
CommandLine flags: -XX:InitialHeapSize=4294967296 -XX:MaxHeapSize=4294967296 -XX:+PrintGC -XX:+PrintGCDetails -XX:+PrintGCTimeStamps -XX:+UseCompressedClassPointers -XX:+UseCompressedOops -XX:+UseG1GC -XX:-UseLargePagesIndividualAllocation 
0.943: [GC pause (G1 Evacuation Pause) (young), 0.0082045 secs]
   [Parallel Time: 4.7 ms, GC Workers: 8]
      [GC Worker Start (ms): Min: 942.8, Avg: 943.0, Max: 943.4, Diff: 0.6]
      [Ext Root Scanning (ms): Min: 0.0, Avg: 0.3, Max: 1.6, Diff: 1.6, Sum: 2.4]
      [Update RS (ms): Min: 0.0, Avg: 0.0, Max: 0.0, Diff: 0.0, Sum: 0.0]
         [Processed Buffers: Min: 0, Avg: 0.0, Max: 0, Diff: 0, Sum: 0]
      [Scan RS (ms): Min: 0.0, Avg: 0.0, Max: 0.0, Diff: 0.0, Sum: 0.1]
      [Code Root Scanning (ms): Min: 0.0, Avg: 0.8, Max: 4.1, Diff: 4.1, Sum: 6.6]
      [Object Copy (ms): Min: 0.2, Avg: 2.7, Max: 3.6, Diff: 3.3, Sum: 21.8]
      [Termination (ms): Min: 0.0, Avg: 0.5, Max: 0.5, Diff: 0.5, Sum: 3.8]
         [Termination Attempts: Min: 1, Avg: 23.1, Max: 30, Diff: 29, Sum: 185]
      [GC Worker Other (ms): Min: 0.0, Avg: 0.0, Max: 0.0, Diff: 0.0, Sum: 0.2]
      [GC Worker Total (ms): Min: 3.9, Avg: 4.3, Max: 4.6, Diff: 0.6, Sum: 34.8]
      [GC Worker End (ms): Min: 947.3, Avg: 947.3, Max: 947.3, Diff: 0.0]
   [Code Root Fixup: 0.0 ms]
   [Code Root Purge: 0.0 ms]
   [Clear CT: 0.1 ms]
   [Other: 3.4 ms]
      [Choose CSet: 0.0 ms]
      [Ref Proc: 2.9 ms]
      [Ref Enq: 0.0 ms]
      [Redirty Cards: 0.1 ms]
      [Humongous Register: 0.0 ms]
      [Humongous Reclaim: 0.0 ms]
      [Free CSet: 0.1 ms]
   [Eden: 204.0M(204.0M)->0.0B(192.0M) Survivors: 0.0B->12.0M Heap: 204.0M(4096.0M)->10.7M(4096.0M)]
 [Times: user=0.00 sys=0.00, real=0.01 secs] 
1.116: [GC pause (Metadata GC Threshold) (young) (initial-mark), 0.0060016 secs]
   [Parallel Time: 4.5 ms, GC Workers: 8]
      [GC Worker Start (ms): Min: 1116.2, Avg: 1116.2, Max: 1116.3, Diff: 0.1]
      [Ext Root Scanning (ms): Min: 0.7, Avg: 0.9, Max: 1.0, Diff: 0.2, Sum: 6.8]
      [Update RS (ms): Min: 0.0, Avg: 0.0, Max: 0.0, Diff: 0.0, Sum: 0.0]
         [Processed Buffers: Min: 0, Avg: 0.0, Max: 0, Diff: 0, Sum: 0]
      [Scan RS (ms): Min: 0.0, Avg: 0.0, Max: 0.0, Diff: 0.0, Sum: 0.1]
      [Code Root Scanning (ms): Min: 0.0, Avg: 0.8, Max: 3.4, Diff: 3.4, Sum: 6.3]
      [Object Copy (ms): Min: 0.2, Avg: 2.6, Max: 3.5, Diff: 3.3, Sum: 21.1]
      [Termination (ms): Min: 0.0, Avg: 0.0, Max: 0.1, Diff: 0.1, Sum: 0.4]
         [Termination Attempts: Min: 1, Avg: 29.5, Max: 47, Diff: 46, Sum: 236]
      [GC Worker Other (ms): Min: 0.0, Avg: 0.0, Max: 0.0, Diff: 0.0, Sum: 0.0]
      [GC Worker Total (ms): Min: 4.3, Avg: 4.3, Max: 4.4, Diff: 0.1, Sum: 34.7]
      [GC Worker End (ms): Min: 1120.6, Avg: 1120.6, Max: 1120.6, Diff: 0.0]
   [Code Root Fixup: 0.0 ms]
   [Code Root Purge: 0.0 ms]
   [Clear CT: 0.1 ms]
   [Other: 1.4 ms]
      [Choose CSet: 0.0 ms]
      [Ref Proc: 1.0 ms]
      [Ref Enq: 0.0 ms]
      [Redirty Cards: 0.1 ms]
      [Humongous Register: 0.0 ms]
      [Humongous Reclaim: 0.0 ms]
      [Free CSet: 0.1 ms]
   [Eden: 82.0M(192.0M)->0.0B(238.0M) Survivors: 12.0M->14.0M Heap: 92.7M(4096.0M)->14.0M(4096.0M)]
 [Times: user=0.00 sys=0.00, real=0.01 secs] 
1.122: [GC concurrent-root-region-scan-start]
1.128: [GC concurrent-root-region-scan-end, 0.0056467 secs]
1.128: [GC concurrent-mark-start]
1.128: [GC concurrent-mark-end, 0.0003581 secs]
1.129: [GC remark 1.129: [Finalize Marking, 0.0002196 secs] 1.129: [GC ref-proc, 0.0001789 secs] 1.129: [Unloading, 0.0024118 secs], 0.0031192 secs]
 [Times: user=0.00 sys=0.00, real=0.00 secs] 
1.132: [GC cleanup 17M->17M(4096M), 0.0014306 secs]
 [Times: user=0.00 sys=0.00, real=0.00 secs] 
2.449: [GC pause (G1 Evacuation Pause) (young), 0.0124949 secs]
   [Parallel Time: 9.0 ms, GC Workers: 8]
      [GC Worker Start (ms): Min: 2448.7, Avg: 2448.8, Max: 2448.8, Diff: 0.1]
      [Ext Root Scanning (ms): Min: 0.1, Avg: 0.6, Max: 2.3, Diff: 2.2, Sum: 5.1]
      [Update RS (ms): Min: 0.0, Avg: 0.0, Max: 0.0, Diff: 0.0, Sum: 0.0]
         [Processed Buffers: Min: 0, Avg: 0.0, Max: 0, Diff: 0, Sum: 0]
      [Scan RS (ms): Min: 0.0, Avg: 0.0, Max: 0.0, Diff: 0.0, Sum: 0.1]
      [Code Root Scanning (ms): Min: 0.0, Avg: 0.5, Max: 1.3, Diff: 1.3, Sum: 4.2]
      [Object Copy (ms): Min: 6.5, Avg: 7.6, Max: 8.2, Diff: 1.7, Sum: 60.8]
      [Termination (ms): Min: 0.0, Avg: 0.0, Max: 0.0, Diff: 0.0, Sum: 0.2]
         [Termination Attempts: Min: 1, Avg: 160.6, Max: 204, Diff: 203, Sum: 1285]
      [GC Worker Other (ms): Min: 0.0, Avg: 0.0, Max: 0.0, Diff: 0.0, Sum: 0.1]
      [GC Worker Total (ms): Min: 8.7, Avg: 8.8, Max: 8.9, Diff: 0.1, Sum: 70.5]
      [GC Worker End (ms): Min: 2457.6, Avg: 2457.6, Max: 2457.6, Diff: 0.0]
   [Code Root Fixup: 0.2 ms]
   [Code Root Purge: 0.0 ms]
   [Clear CT: 0.4 ms]
   [Other: 3.0 ms]
      [Choose CSet: 0.0 ms]
      [Ref Proc: 2.2 ms]
      [Ref Enq: 0.0 ms]
      [Redirty Cards: 0.3 ms]
      [Humongous Register: 0.0 ms]
      [Humongous Reclaim: 0.0 ms]
      [Free CSet: 0.2 ms]
   [Eden: 238.0M(238.0M)->0.0B(674.0M) Survivors: 14.0M->24.0M Heap: 252.0M(4096.0M)->24.0M(4096.0M)]
 [Times: user=0.11 sys=0.02, real=0.01 secs] 
22.934: [GC pause (Metadata GC Threshold) (young) (initial-mark), 0.0123115 secs]
   [Parallel Time: 9.4 ms, GC Workers: 8]
      [GC Worker Start (ms): Min: 22933.8, Avg: 22934.0, Max: 22934.0, Diff: 0.2]
      [Ext Root Scanning (ms): Min: 0.8, Avg: 1.1, Max: 1.3, Diff: 0.5, Sum: 8.8]
      [Update RS (ms): Min: 0.0, Avg: 0.0, Max: 0.0, Diff: 0.0, Sum: 0.0]
         [Processed Buffers: Min: 0, Avg: 0.0, Max: 0, Diff: 0, Sum: 0]
      [Scan RS (ms): Min: 0.0, Avg: 0.0, Max: 0.0, Diff: 0.0, Sum: 0.1]
      [Code Root Scanning (ms): Min: 0.1, Avg: 1.5, Max: 7.8, Diff: 7.7, Sum: 12.2]
      [Object Copy (ms): Min: 0.4, Avg: 6.2, Max: 7.8, Diff: 7.4, Sum: 49.7]
      [Termination (ms): Min: 0.0, Avg: 0.3, Max: 0.4, Diff: 0.4, Sum: 2.4]
         [Termination Attempts: Min: 1, Avg: 25.8, Max: 42, Diff: 41, Sum: 206]
      [GC Worker Other (ms): Min: 0.0, Avg: 0.0, Max: 0.0, Diff: 0.0, Sum: 0.0]
      [GC Worker Total (ms): Min: 9.1, Avg: 9.1, Max: 9.3, Diff: 0.2, Sum: 73.2]
      [GC Worker End (ms): Min: 22943.1, Avg: 22943.1, Max: 22943.1, Diff: 0.0]
   [Code Root Fixup: 0.2 ms]
   [Code Root Purge: 0.0 ms]
   [Clear CT: 0.8 ms]
   [Other: 2.0 ms]
      [Choose CSet: 0.0 ms]
      [Ref Proc: 0.8 ms]
      [Ref Enq: 0.0 ms]
      [Redirty Cards: 0.7 ms]
      [Humongous Register: 0.0 ms]
      [Humongous Reclaim: 0.0 ms]
      [Free CSet: 0.2 ms]
   [Eden: 194.0M(674.0M)->0.0B(998.0M) Survivors: 24.0M->22.0M Heap: 217.0M(4096.0M)->22.0M(4096.0M)]
 [Times: user=0.13 sys=0.00, real=0.01 secs] 
22.946: [GC concurrent-root-region-scan-start]
22.955: [GC concurrent-root-region-scan-end, 0.0088269 secs]
22.955: [GC concurrent-mark-start]
22.956: [GC concurrent-mark-end, 0.0009515 secs]
22.956: [GC remark 22.956: [Finalize Marking, 0.0006452 secs] 22.957: [GC ref-proc, 0.0001118 secs] 22.957: [Unloading, 0.0029649 secs], 0.0042848 secs]
 [Times: user=0.00 sys=0.00, real=0.00 secs] 
22.961: [GC cleanup 23M->23M(4096M), 0.0012349 secs]
 [Times: user=0.00 sys=0.00, real=0.00 secs] 



PS C:\Users\admin> sb -u http://localhost:8088/api/hello
Starting at 2021/7/26 17:14:28
[Press C to stop the test]
100     (RPS: 273.2)
---------------Finished!----------------
Finished at 2021/7/26 17:14:29 (took 00:00:00.4659929)
Status 200:    100

RPS: 69.6 (requests/second)
Max: 194ms
Min: 0ms
Avg: 2.9ms

  50%   below 1ms
  60%   below 1ms
  70%   below 1ms
  80%   below 1ms
  90%   below 1ms
  95%   below 1ms
  98%   below 2ms
  99%   below 194ms
99.9%   below 194ms