Java HotSpot(TM) 64-Bit Server VM (25.251-b08) for windows-amd64 JRE (1.8.0_251-b08), built on Mar 12 2020 06:31:49 by "" with MS VC++ 10.0 (VS2010)
Memory: 4k page, physical 16474840k(8296004k free), swap 24666840k(15638524k free)
CommandLine flags: -XX:InitialHeapSize=536870912 -XX:MaxHeapSize=536870912 -XX:+PrintGC -XX:+PrintGCDetails -XX:+PrintGCTimeStamps -XX:+UseCompressedClassPointers -XX:+UseCompressedOops -XX:-UseLargePagesIndividualAllocation -XX:+UseParallelGC 
0.812: [GC (Allocation Failure) [PSYoungGen: 131584K->7658K(153088K)] 131584K->7674K(502784K), 0.0057400 secs] [Times: user=0.00 sys=0.00, real=0.01 secs] 
1.112: [GC (Allocation Failure) [PSYoungGen: 139242K->10889K(153088K)] 139258K->10913K(502784K), 0.0074100 secs] [Times: user=0.08 sys=0.05, real=0.01 secs] 
1.166: [GC (GCLocker Initiated GC) [PSYoungGen: 46460K->6201K(153088K)] 46484K->6233K(502784K), 0.0036356 secs] [Times: user=0.00 sys=0.00, real=0.00 secs] 
1.185: [GC (Metadata GC Threshold) [PSYoungGen: 17339K->5685K(153088K)] 17371K->5725K(502784K), 0.0038114 secs] [Times: user=0.00 sys=0.00, real=0.00 secs] 
1.188: [Full GC (Metadata GC Threshold) [PSYoungGen: 5685K->0K(153088K)] [ParOldGen: 40K->5511K(349696K)] 5725K->5511K(502784K), [Metaspace: 20855K->20855K(1069056K)], 0.0271174 secs] [Times: user=0.17 sys=0.00, real=0.03 secs] 
1.734: [GC (Allocation Failure) [PSYoungGen: 131584K->7131K(153088K)] 137095K->12714K(502784K), 0.0037702 secs] [Times: user=0.00 sys=0.00, real=0.00 secs] 
2.608: [GC (Allocation Failure) [PSYoungGen: 138715K->11240K(158208K)] 144298K->18388K(507904K), 0.0062408 secs] [Times: user=0.00 sys=0.00, real=0.00 secs] 
3.044: [GC (Allocation Failure) [PSYoungGen: 158184K->13815K(160768K)] 165332K->22513K(510464K), 0.0084777 secs] [Times: user=0.00 sys=0.00, real=0.01 secs] 
189.290: [GC (Metadata GC Threshold) [PSYoungGen: 58981K->13803K(152576K)] 67679K->23273K(502272K), 0.0053819 secs] [Times: user=0.13 sys=0.00, real=0.01 secs] 
189.296: [Full GC (Metadata GC Threshold) [PSYoungGen: 13803K->0K(152576K)] [ParOldGen: 9470K->18794K(349696K)] 23273K->18794K(502272K), [Metaspace: 34397K->34397K(1081344K)], 0.0861486 secs] [Times: user=0.41 sys=0.00, real=0.09 secs] 
191.091: [GC (Allocation Failure) [PSYoungGen: 138752K->625K(139776K)] 157546K->19427K(489472K), 0.0021960 secs] [Times: user=0.00 sys=0.00, real=0.00 secs] 
192.901: [GC (Allocation Failure) [PSYoungGen: 139377K->448K(154624K)] 158179K->19258K(504320K), 0.0023539 secs] [Times: user=0.00 sys=0.00, real=0.00 secs] 
194.269: [GC (Allocation Failure) [PSYoungGen: 136128K->288K(155136K)] 154938K->19426K(504832K), 0.0019345 secs] [Times: user=0.00 sys=0.00, real=0.00 secs] 
195.173: [GC (Allocation Failure) [PSYoungGen: 135968K->256K(155136K)] 155106K->19458K(504832K), 0.0011976 secs] [Times: user=0.00 sys=0.00, real=0.00 secs] 
195.994: [GC (Allocation Failure) [PSYoungGen: 135936K->256K(155136K)] 155138K->19466K(504832K), 0.0011598 secs] [Times: user=0.00 sys=0.00, real=0.00 secs] 
196.839: [GC (Allocation Failure) [PSYoungGen: 135936K->256K(155648K)] 155146K->19474K(505344K), 0.0012248 secs] [Times: user=0.00 sys=0.00, real=0.00 secs] 
197.656: [GC (Allocation Failure) [PSYoungGen: 136448K->256K(155136K)] 155666K->19474K(504832K), 0.0011728 secs] [Times: user=0.00 sys=0.00, real=0.00 secs] 
198.456: [GC (Allocation Failure) [PSYoungGen: 136448K->256K(156672K)] 155666K->19482K(506368K), 0.0012653 secs] [Times: user=0.02 sys=0.00, real=0.00 secs] 
199.332: [GC (Allocation Failure) [PSYoungGen: 138496K->256K(156160K)] 157722K->19490K(505856K), 0.0011984 secs] [Times: user=0.00 sys=0.00, real=0.00 secs] 
200.307: [GC (Allocation Failure) [PSYoungGen: 138492K->256K(157696K)] 157726K->19490K(507392K), 0.0012360 secs] [Times: user=0.00 sys=0.00, real=0.00 secs] 
201.242: [GC (Allocation Failure) [PSYoungGen: 140544K->256K(157184K)] 159778K->19490K(506880K), 0.0012434 secs] [Times: user=0.00 sys=0.00, real=0.00 secs] 
202.081: [GC (Allocation Failure) [PSYoungGen: 140544K->256K(159232K)] 159778K->19490K(508928K), 0.0011818 secs] [Times: user=0.00 sys=0.00, real=0.00 secs] 
202.992: [GC (Allocation Failure) [PSYoungGen: 143616K->256K(158720K)] 162850K->19490K(508416K), 0.0012391 secs] [Times: user=0.00 sys=0.00, real=0.00 secs] 
203.904: [GC (Allocation Failure) [PSYoungGen: 143616K->256K(160768K)] 162850K->19490K(510464K), 0.0012965 secs] [Times: user=0.00 sys=0.00, real=0.00 secs] 
204.754: [GC (Allocation Failure) [PSYoungGen: 146688K->256K(160256K)] 165922K->19490K(509952K), 0.0012083 secs] [Times: user=0.00 sys=0.00, real=0.00 secs] 
205.698: [GC (Allocation Failure) [PSYoungGen: 146688K->224K(162304K)] 165922K->19458K(512000K), 0.0012483 secs] [Times: user=0.00 sys=0.00, real=0.00 secs] 
206.674: [GC (Allocation Failure) [PSYoungGen: 149216K->256K(161280K)] 168450K->19490K(510976K), 0.0012749 secs] [Times: user=0.00 sys=0.00, real=0.00 secs] 
207.531: [GC (Allocation Failure) [PSYoungGen: 149248K->256K(163840K)] 168482K->19490K(513536K), 0.0013043 secs] [Times: user=0.00 sys=0.00, real=0.00 secs] 
208.396: [GC (Allocation Failure) [PSYoungGen: 152320K->256K(162816K)] 171554K->19514K(512512K), 0.0011811 secs] [Times: user=0.00 sys=0.00, real=0.00 secs] 
209.307: [GC (Allocation Failure) [PSYoungGen: 152320K->256K(164864K)] 171578K->19522K(514560K), 0.0012324 secs] [Times: user=0.00 sys=0.00, real=0.00 secs] 
210.169: [GC (Allocation Failure) [PSYoungGen: 154880K->256K(164352K)] 174146K->19530K(514048K), 0.0012791 secs] [Times: user=0.00 sys=0.00, real=0.00 secs] 
211.134: [GC (Allocation Failure) [PSYoungGen: 154880K->256K(165888K)] 174154K->19530K(515584K), 0.0011990 secs] [Times: user=0.00 sys=0.00, real=0.00 secs] 
212.019: [GC (Allocation Failure) [PSYoungGen: 156928K->256K(165376K)] 176202K->19538K(515072K), 0.0013301 secs] [Times: user=0.05 sys=0.00, real=0.00 secs] 
213.017: [GC (Allocation Failure) [PSYoungGen: 156928K->256K(166912K)] 176210K->19538K(516608K), 0.0011763 secs] [Times: user=0.00 sys=0.00, real=0.00 secs] 
213.920: [GC (Allocation Failure) [PSYoungGen: 158976K->256K(166400K)] 178258K->19538K(516096K), 0.0013179 secs] [Times: user=0.00 sys=0.00, real=0.00 secs] 
214.824: [GC (Allocation Failure) [PSYoungGen: 158976K->256K(167936K)] 178258K->19538K(517632K), 0.0012985 secs] [Times: user=0.00 sys=0.00, real=0.00 secs] 
215.778: [GC (Allocation Failure) [PSYoungGen: 161024K->256K(167424K)] 180306K->19538K(517120K), 0.0013799 secs] [Times: user=0.00 sys=0.00, real=0.00 secs] 
216.719: [GC (Allocation Failure) [PSYoungGen: 161024K->256K(168960K)] 180306K->19538K(518656K), 0.0012503 secs] [Times: user=0.00 sys=0.00, real=0.00 secs] 
217.677: [GC (Allocation Failure) [PSYoungGen: 163072K->256K(168448K)] 182354K->19538K(518144K), 0.0011727 secs] [Times: user=0.00 sys=0.00, real=0.00 secs] 
218.618: [GC (Allocation Failure) [PSYoungGen: 163072K->256K(169472K)] 182354K->19546K(519168K), 0.0013444 secs] [Times: user=0.00 sys=0.00, real=0.00 secs] 
219.646: [GC (Allocation Failure) [PSYoungGen: 164608K->256K(169472K)] 183898K->19546K(519168K), 0.0013398 secs] [Times: user=0.00 sys=0.00, real=0.00 secs] 
220.605: [GC (Allocation Failure) [PSYoungGen: 164608K->256K(170496K)] 183898K->19546K(520192K), 0.0013599 secs] [Times: user=0.00 sys=0.00, real=0.00 secs] 
221.563: [GC (Allocation Failure) [PSYoungGen: 166144K->256K(169984K)] 185434K->19546K(519680K), 0.0013556 secs] [Times: user=0.00 sys=0.00, real=0.00 secs] 
222.543: [GC (Allocation Failure) [PSYoungGen: 166144K->224K(171008K)] 185434K->19514K(520704K), 0.0013528 secs] [Times: user=0.00 sys=0.00, real=0.00 secs] 
223.483: [GC (Allocation Failure) [PSYoungGen: 167136K->256K(170496K)] 186426K->19562K(520192K), 0.0012663 secs] [Times: user=0.00 sys=0.00, real=0.00 secs] 
224.426: [GC (Allocation Failure) [PSYoungGen: 167168K->256K(171520K)] 186474K->19562K(521216K), 0.0013907 secs] [Times: user=0.11 sys=0.00, real=0.00 secs] 
225.440: [GC (Allocation Failure) [PSYoungGen: 168192K->256K(171008K)] 187498K->19562K(520704K), 0.0013654 secs] [Times: user=0.00 sys=0.00, real=0.00 secs] 
226.397: [GC (Allocation Failure) [PSYoungGen: 168185K->192K(171520K)] 187491K->19498K(521216K), 0.0013924 secs] [Times: user=0.00 sys=0.00, real=0.00 secs] 
227.346: [GC (Allocation Failure) [PSYoungGen: 168640K->256K(171520K)] 187946K->19562K(521216K), 0.0013299 secs] [Times: user=0.00 sys=0.00, real=0.00 secs] 
228.347: [GC (Allocation Failure) [PSYoungGen: 168704K->256K(172032K)] 188010K->19562K(521728K), 0.0014224 secs] [Times: user=0.00 sys=0.00, real=0.00 secs] 
229.363: [GC (Allocation Failure) [PSYoungGen: 169728K->256K(172032K)] 189034K->19562K(521728K), 0.0013564 secs] [Times: user=0.00 sys=0.00, real=0.00 secs] 
230.306: [GC (Allocation Failure) [PSYoungGen: 169728K->192K(172544K)] 189034K->19498K(522240K), 0.0013114 secs] [Times: user=0.00 sys=0.00, real=0.00 secs] 
231.271: [GC (Allocation Failure) [PSYoungGen: 170176K->256K(172032K)] 189482K->19562K(521728K), 0.0012986 secs] [Times: user=0.00 sys=0.00, real=0.00 secs] 
232.266: [GC (Allocation Failure) [PSYoungGen: 170240K->256K(172544K)] 189546K->19562K(522240K), 0.0011779 secs] [Times: user=0.00 sys=0.00, real=0.00 secs] 
233.254: [GC (Allocation Failure) [PSYoungGen: 170752K->224K(172544K)] 190058K->19538K(522240K), 0.0013404 secs] [Times: user=0.00 sys=0.00, real=0.00 secs] 
234.215: [GC (Allocation Failure) [PSYoungGen: 170720K->256K(173056K)] 190034K->19570K(522752K), 0.0012535 secs] [Times: user=0.00 sys=0.00, real=0.00 secs] 
235.248: [GC (Allocation Failure) [PSYoungGen: 171264K->256K(172544K)] 190578K->19570K(522240K), 0.0013420 secs] [Times: user=0.00 sys=0.00, real=0.00 secs] 
236.225: [GC (Allocation Failure) [PSYoungGen: 171264K->256K(173056K)] 190578K->19570K(522752K), 0.0013617 secs] [Times: user=0.00 sys=0.00, real=0.00 secs] 
237.260: [GC (Allocation Failure) [PSYoungGen: 171776K->256K(173056K)] 191090K->19570K(522752K), 0.0012681 secs] [Times: user=0.00 sys=0.00, real=0.00 secs] 
238.257: [GC (Allocation Failure) [PSYoungGen: 171776K->256K(173056K)] 191090K->19578K(522752K), 0.0014275 secs] [Times: user=0.00 sys=0.00, real=0.00 secs] 
239.236: [GC (Allocation Failure) [PSYoungGen: 171776K->256K(173056K)] 191098K->19602K(522752K), 0.0012611 secs] [Times: user=0.00 sys=0.00, real=0.00 secs] 
240.211: [GC (Allocation Failure) [PSYoungGen: 171776K->224K(173568K)] 191122K->19570K(523264K), 0.0012715 secs] [Times: user=0.00 sys=0.00, real=0.00 secs] 
241.340: [GC (Allocation Failure) [PSYoungGen: 172768K->256K(173568K)] 192114K->19602K(523264K), 0.0013073 secs] [Times: user=0.00 sys=0.00, real=0.00 secs] 
242.365: [GC (Allocation Failure) [PSYoungGen: 172800K->256K(173568K)] 192146K->19602K(523264K), 0.0013821 secs] [Times: user=0.00 sys=0.00, real=0.00 secs] 
243.418: [GC (Allocation Failure) [PSYoungGen: 172800K->256K(173568K)] 192146K->19602K(523264K), 0.0012449 secs] [Times: user=0.00 sys=0.00, real=0.00 secs] 
244.428: [GC (Allocation Failure) [PSYoungGen: 172800K->256K(173568K)] 192146K->19642K(523264K), 0.0013054 secs] [Times: user=0.00 sys=0.00, real=0.00 secs] 
245.464: [GC (Allocation Failure) [PSYoungGen: 172800K->256K(173568K)] 192186K->19642K(523264K), 0.0012050 secs] [Times: user=0.00 sys=0.00, real=0.00 secs] 
246.516: [GC (Allocation Failure) [PSYoungGen: 172800K->256K(173568K)] 192186K->19642K(523264K), 0.0013269 secs] [Times: user=0.00 sys=0.00, real=0.00 secs] 
247.636: [GC (Allocation Failure) [PSYoungGen: 172800K->256K(173568K)] 192186K->19642K(523264K), 0.0013139 secs] [Times: user=0.00 sys=0.00, real=0.00 secs] 
248.611: [GC (Allocation Failure) [PSYoungGen: 172800K->256K(173568K)] 192186K->19650K(523264K), 0.0012691 secs] [Times: user=0.00 sys=0.00, real=0.00 secs] 
Heap
 PSYoungGen      total 173568K, used 83434K [0x00000000f5580000, 0x0000000100000000, 0x0000000100000000)
  eden space 172544K, 48% used [0x00000000f5580000,0x00000000fa6baac0,0x00000000ffe00000)
  from space 1024K, 25% used [0x00000000fff00000,0x00000000fff40000,0x0000000100000000)
  to   space 1024K, 0% used [0x00000000ffe00000,0x00000000ffe00000,0x00000000fff00000)
 ParOldGen       total 349696K, used 19394K [0x00000000e0000000, 0x00000000f5580000, 0x00000000f5580000)
  object space 349696K, 5% used [0x00000000e0000000,0x00000000e12f08f0,0x00000000f5580000)
 Metaspace       used 36557K, capacity 38722K, committed 38864K, reserved 1083392K
  class space    used 4640K, capacity 4996K, committed 5072K, reserved 1048576K



java -Xms512m -Xmx512m  -XX:+PrintGCDetails   -Xloggc:gateway521mG1gc.log  -jar .\gateway-server-0.0.1-SNAPSHOT.jar

java -Xms4g -Xmx4g  -XX:+PrintGCDetails   -Xloggc:gateway4GSecondgc.log  -jar .\gateway-server-0.0.1-SNAPSHOT.jar

PS C:\Users\admin> sb -u http://localhost:8088/api/hello -c 20 -N 60
Starting at 2021/7/28 10:17:21
[Press C to stop the test]
376404  (RPS: 5717.6)
---------------Finished!----------------
Finished at 2021/7/28 10:18:27 (took 00:01:05.9734401)
Status 200:    376404

RPS: 6157.9 (requests/second)
Max: 432ms
Min: 0ms
Avg: 0.1ms

  50%   below 0ms
  60%   below 0ms
  70%   below 0ms
  80%   below 0ms
  90%   below 0ms
  95%   below 0ms
  98%   below 2ms
  99%   below 2ms
99.9%   below 11ms