Java HotSpot(TM) 64-Bit Server VM (25.251-b08) for windows-amd64 JRE (1.8.0_251-b08), built on Mar 12 2020 06:31:49 by "" with MS VC++ 10.0 (VS2010)
Memory: 4k page, physical 16474840k(6925828k free), swap 24666840k(12548944k free)
CommandLine flags: -XX:InitialHeapSize=536870912 -XX:MaxHeapSize=536870912 -XX:+PrintGC -XX:+PrintGCDetails -XX:+PrintGCTimeStamps -XX:+UseCompressedClassPointers -XX:+UseCompressedOops -XX:-UseLargePagesIndividualAllocation -XX:+UseParallelGC 
0.666: [GC (Allocation Failure) [PSYoungGen: 131584K->7313K(153088K)] 131584K->7329K(502784K), 0.0050382 secs] [Times: user=0.00 sys=0.00, real=0.00 secs] 
0.944: [GC (Allocation Failure) [PSYoungGen: 138897K->10672K(153088K)] 138913K->10696K(502784K), 0.0058012 secs] [Times: user=0.00 sys=0.00, real=0.01 secs] 
1.004: [GC (Metadata GC Threshold) [PSYoungGen: 36335K->6429K(153088K)] 36359K->6461K(502784K), 0.0045911 secs] [Times: user=0.00 sys=0.00, real=0.00 secs] 
1.009: [Full GC (Metadata GC Threshold) [PSYoungGen: 6429K->0K(153088K)] [ParOldGen: 32K->6157K(349696K)] 6461K->6157K(502784K), [Metaspace: 20470K->20469K(1067008K)], 0.0522017 secs] [Times: user=0.16 sys=0.00, real=0.05 secs] 
1.522: [GC (Allocation Failure) [PSYoungGen: 131584K->6543K(153088K)] 137741K->12772K(502784K), 0.0034111 secs] [Times: user=0.00 sys=0.00, real=0.00 secs] 
2.323: [GC (Allocation Failure) [PSYoungGen: 138127K->12641K(153088K)] 144356K->18878K(502784K), 0.0056847 secs] [Times: user=0.03 sys=0.01, real=0.01 secs] 
2.636: [GC (Allocation Failure) [PSYoungGen: 144225K->14310K(156160K)] 150462K->20917K(505856K), 0.0067121 secs] [Times: user=0.02 sys=0.02, real=0.01 secs] 
78.748: [GC (Metadata GC Threshold) [PSYoungGen: 72579K->12441K(154624K)] 79186K->19056K(504320K), 0.0076405 secs] [Times: user=0.06 sys=0.06, real=0.01 secs] 
78.756: [Full GC (Metadata GC Threshold) [PSYoungGen: 12441K->0K(154624K)] [ParOldGen: 6615K->16214K(349696K)] 19056K->16214K(504320K), [Metaspace: 33874K->33874K(1079296K)], 0.0630836 secs] [Times: user=0.19 sys=0.00, real=0.06 secs] 
Heap
 PSYoungGen      total 154624K, used 39874K [0x00000000f5580000, 0x0000000100000000, 0x0000000100000000)
  eden space 141824K, 28% used [0x00000000f5580000,0x00000000f7c70900,0x00000000fe000000)
  from space 12800K, 0% used [0x00000000fe000000,0x00000000fe000000,0x00000000fec80000)
  to   space 16896K, 0% used [0x00000000fef80000,0x00000000fef80000,0x0000000100000000)
 ParOldGen       total 349696K, used 16214K [0x00000000e0000000, 0x00000000f5580000, 0x00000000f5580000)
  object space 349696K, 4% used [0x00000000e0000000,0x00000000e0fd5998,0x00000000f5580000)
 Metaspace       used 35120K, capacity 36700K, committed 36864K, reserved 1081344K
  class space    used 4541K, capacity 4851K, committed 4864K, reserved 1048576K





  java -Xms4096m -Xmx4096m  -XX:+PrintGCDetails   -Xloggc:gatewaydefault4Ggc.log  -jar .\gateway-server-0.0.1-SNAPSHOT.jar



java -Xms512m -Xmx512m  -XX:+PrintGCDetails   -Xloggc:gateway521mG1gc.log  -jar .\gateway-server-0.0.1-SNAPSHOT.jars

sb -u http://localhost:8088/api/hello
效果不明显
sb -u http://localhost:8088/api/hello -c 20 -N 60


PS C:\Users\admin> sb -u http://localhost:8088/api/hello -c 20 -N 60
Starting at 2021/7/28 10:17:21
[Press C to stop the test]
376404  (RPS: 5717.6)
---------------Finished!----------------
Finished at 2021/7/28 10:18:27 (took 00:01:05.9734401)
Status 200:    376404

RPS: 6157.9 (requests/second)
Max: 432ms
Min: 0ms
Avg: 0.1ms

  50%   below 0ms
  60%   below 0ms
  70%   below 0ms
  80%   below 0ms
  90%   below 0ms
  95%   below 0ms
  98%   below 2ms
  99%   below 2ms
99.9%   below 11ms
PS C:\Users\admin>