Java HotSpot(TM) 64-Bit Server VM (25.251-b08) for windows-amd64 JRE (1.8.0_251-b08), built on Mar 12 2020 06:31:49 by "" with MS VC++ 10.0 (VS2010)
Memory: 4k page, physical 16474840k(8587416k free), swap 24666840k(12996900k free)
CommandLine flags: -XX:InitialHeapSize=4294967296 -XX:MaxHeapSize=4294967296 -XX:+PrintGC -XX:+PrintGCDetails -XX:+PrintGCTimeStamps -XX:+UseCompressedClassPointers -XX:+UseCompressedOops -XX:+UseG1GC -XX:-UseLargePagesIndividualAllocation 
0.856: [GC pause (G1 Evacuation Pause) (young), 0.0086893 secs]
   [Parallel Time: 4.9 ms, GC Workers: 8]
      [GC Worker Start (ms): Min: 855.8, Avg: 855.9, Max: 856.4, Diff: 0.6]
      [Ext Root Scanning (ms): Min: 0.0, Avg: 0.5, Max: 1.6, Diff: 1.6, Sum: 3.9]
      [Update RS (ms): Min: 0.0, Avg: 0.0, Max: 0.0, Diff: 0.0, Sum: 0.0]
         [Processed Buffers: Min: 0, Avg: 0.0, Max: 0, Diff: 0, Sum: 0]
      [Scan RS (ms): Min: 0.0, Avg: 0.0, Max: 0.0, Diff: 0.0, Sum: 0.1]
      [Code Root Scanning (ms): Min: 0.0, Avg: 1.0, Max: 4.2, Diff: 4.2, Sum: 8.3]
      [Object Copy (ms): Min: 0.3, Avg: 3.0, Max: 4.2, Diff: 3.9, Sum: 24.4]
      [Termination (ms): Min: 0.0, Avg: 0.1, Max: 0.1, Diff: 0.1, Sum: 0.7]
         [Termination Attempts: Min: 1, Avg: 43.6, Max: 69, Diff: 68, Sum: 349]
      [GC Worker Other (ms): Min: 0.0, Avg: 0.0, Max: 0.0, Diff: 0.0, Sum: 0.1]
      [GC Worker Total (ms): Min: 4.2, Avg: 4.7, Max: 4.8, Diff: 0.6, Sum: 37.5]
      [GC Worker End (ms): Min: 860.6, Avg: 860.6, Max: 860.6, Diff: 0.0]
   [Code Root Fixup: 0.1 ms]
   [Code Root Purge: 0.0 ms]
   [Clear CT: 0.1 ms]
   [Other: 3.6 ms]
      [Choose CSet: 0.0 ms]
      [Ref Proc: 3.2 ms]
      [Ref Enq: 0.0 ms]
      [Redirty Cards: 0.1 ms]
      [Humongous Register: 0.1 ms]
      [Humongous Reclaim: 0.0 ms]
      [Free CSet: 0.1 ms]
   [Eden: 204.0M(204.0M)->0.0B(192.0M) Survivors: 0.0B->12.0M Heap: 204.0M(4096.0M)->10.6M(4096.0M)]
 [Times: user=0.09 sys=0.03, real=0.01 secs] 
1.016: [GC pause (Metadata GC Threshold) (young) (initial-mark), 0.0071914 secs]
   [Parallel Time: 5.4 ms, GC Workers: 8]
      [GC Worker Start (ms): Min: 1015.8, Avg: 1016.0, Max: 1016.2, Diff: 0.4]
      [Ext Root Scanning (ms): Min: 0.6, Avg: 0.8, Max: 1.0, Diff: 0.4, Sum: 6.3]
      [Update RS (ms): Min: 0.0, Avg: 0.0, Max: 0.0, Diff: 0.0, Sum: 0.0]
         [Processed Buffers: Min: 0, Avg: 0.0, Max: 0, Diff: 0, Sum: 0]
      [Scan RS (ms): Min: 0.0, Avg: 0.0, Max: 0.0, Diff: 0.0, Sum: 0.0]
      [Code Root Scanning (ms): Min: 0.0, Avg: 1.0, Max: 4.3, Diff: 4.3, Sum: 7.7]
      [Object Copy (ms): Min: 0.0, Avg: 2.4, Max: 3.3, Diff: 3.3, Sum: 19.3]
      [Termination (ms): Min: 0.0, Avg: 1.0, Max: 1.1, Diff: 1.1, Sum: 7.8]
         [Termination Attempts: Min: 1, Avg: 12.6, Max: 22, Diff: 21, Sum: 101]
      [GC Worker Other (ms): Min: 0.0, Avg: 0.0, Max: 0.0, Diff: 0.0, Sum: 0.1]
      [GC Worker Total (ms): Min: 4.9, Avg: 5.2, Max: 5.3, Diff: 0.4, Sum: 41.2]
      [GC Worker End (ms): Min: 1021.1, Avg: 1021.1, Max: 1021.1, Diff: 0.0]
   [Code Root Fixup: 0.1 ms]
   [Code Root Purge: 0.0 ms]
   [Clear CT: 0.1 ms]
   [Other: 1.6 ms]
      [Choose CSet: 0.0 ms]
      [Ref Proc: 1.1 ms]
      [Ref Enq: 0.0 ms]
      [Redirty Cards: 0.1 ms]
      [Humongous Register: 0.0 ms]
      [Humongous Reclaim: 0.0 ms]
      [Free CSet: 0.1 ms]
   [Eden: 84.0M(192.0M)->0.0B(236.0M) Survivors: 12.0M->14.0M Heap: 94.6M(4096.0M)->13.0M(4096.0M)]
 [Times: user=0.11 sys=0.00, real=0.01 secs] 
1.023: [GC concurrent-root-region-scan-start]
1.028: [GC concurrent-root-region-scan-end, 0.0046536 secs]
1.028: [GC concurrent-mark-start]
1.028: [GC concurrent-mark-end, 0.0002779 secs]
1.028: [GC remark 1.028: [Finalize Marking, 0.0001870 secs] 1.028: [GC ref-proc, 0.0001752 secs] 1.028: [Unloading, 0.0023057 secs], 0.0029930 secs]
 [Times: user=0.00 sys=0.00, real=0.00 secs] 
1.031: [GC cleanup 16M->16M(4096M), 0.0012050 secs]
 [Times: user=0.00 sys=0.00, real=0.00 secs] 
2.466: [GC pause (G1 Evacuation Pause) (young), 0.0148485 secs]
   [Parallel Time: 11.5 ms, GC Workers: 8]
      [GC Worker Start (ms): Min: 2465.8, Avg: 2465.9, Max: 2466.5, Diff: 0.8]
      [Ext Root Scanning (ms): Min: 0.0, Avg: 0.7, Max: 2.5, Diff: 2.5, Sum: 5.4]
      [Update RS (ms): Min: 0.0, Avg: 0.0, Max: 0.0, Diff: 0.0, Sum: 0.0]
         [Processed Buffers: Min: 0, Avg: 0.0, Max: 0, Diff: 0, Sum: 0]
      [Scan RS (ms): Min: 0.0, Avg: 0.0, Max: 0.0, Diff: 0.0, Sum: 0.1]
      [Code Root Scanning (ms): Min: 0.0, Avg: 2.9, Max: 10.6, Diff: 10.6, Sum: 23.4]
      [Object Copy (ms): Min: 0.0, Avg: 7.1, Max: 10.0, Diff: 10.0, Sum: 56.6]
      [Termination (ms): Min: 0.0, Avg: 0.7, Max: 0.9, Diff: 0.9, Sum: 5.3]
         [Termination Attempts: Min: 1, Avg: 61.9, Max: 106, Diff: 105, Sum: 495]
      [GC Worker Other (ms): Min: 0.0, Avg: 0.0, Max: 0.0, Diff: 0.0, Sum: 0.1]
      [GC Worker Total (ms): Min: 10.7, Avg: 11.3, Max: 11.5, Diff: 0.8, Sum: 90.8]
      [GC Worker End (ms): Min: 2477.2, Avg: 2477.2, Max: 2477.2, Diff: 0.0]
   [Code Root Fixup: 0.1 ms]
   [Code Root Purge: 0.0 ms]
   [Clear CT: 0.1 ms]
   [Other: 3.1 ms]
      [Choose CSet: 0.0 ms]
      [Ref Proc: 2.5 ms]
      [Ref Enq: 0.0 ms]
      [Redirty Cards: 0.1 ms]
      [Humongous Register: 0.1 ms]
      [Humongous Reclaim: 0.0 ms]
      [Free CSet: 0.2 ms]
   [Eden: 236.0M(236.0M)->0.0B(1494.0M) Survivors: 14.0M->26.0M Heap: 249.0M(4096.0M)->25.0M(4096.0M)]
 [Times: user=0.09 sys=0.03, real=0.01 secs] 
13.283: [GC pause (Metadata GC Threshold) (young) (initial-mark), 0.0348395 secs]
   [Parallel Time: 32.6 ms, GC Workers: 8]
      [GC Worker Start (ms): Min: 13283.5, Avg: 13283.6, Max: 13283.7, Diff: 0.2]
      [Ext Root Scanning (ms): Min: 13.3, Avg: 13.8, Max: 14.5, Diff: 1.2, Sum: 110.2]
      [Update RS (ms): Min: 0.0, Avg: 0.0, Max: 0.0, Diff: 0.0, Sum: 0.0]
         [Processed Buffers: Min: 0, Avg: 0.0, Max: 0, Diff: 0, Sum: 0]
      [Scan RS (ms): Min: 0.0, Avg: 0.0, Max: 0.0, Diff: 0.0, Sum: 0.2]
      [Code Root Scanning (ms): Min: 0.3, Avg: 1.8, Max: 3.7, Diff: 3.4, Sum: 14.6]
      [Object Copy (ms): Min: 14.8, Avg: 16.6, Max: 18.3, Diff: 3.5, Sum: 133.2]
      [Termination (ms): Min: 0.0, Avg: 0.0, Max: 0.0, Diff: 0.0, Sum: 0.1]
         [Termination Attempts: Min: 1, Avg: 46.5, Max: 59, Diff: 58, Sum: 372]
      [GC Worker Other (ms): Min: 0.0, Avg: 0.1, Max: 0.2, Diff: 0.2, Sum: 0.5]
      [GC Worker Total (ms): Min: 32.2, Avg: 32.4, Max: 32.4, Diff: 0.2, Sum: 258.9]
      [GC Worker End (ms): Min: 13315.9, Avg: 13315.9, Max: 13316.0, Diff: 0.0]
   [Code Root Fixup: 0.2 ms]
   [Code Root Purge: 0.0 ms]
   [Clear CT: 0.1 ms]
   [Other: 1.9 ms]
      [Choose CSet: 0.0 ms]
      [Ref Proc: 1.3 ms]
      [Ref Enq: 0.0 ms]
      [Redirty Cards: 0.1 ms]
      [Humongous Register: 0.0 ms]
      [Humongous Reclaim: 0.0 ms]
      [Free CSet: 0.2 ms]
   [Eden: 216.0M(1494.0M)->0.0B(1998.0M) Survivors: 26.0M->24.0M Heap: 241.0M(4096.0M)->23.0M(4096.0M)]
 [Times: user=0.17 sys=0.00, real=0.04 secs] 
13.318: [GC concurrent-root-region-scan-start]
13.331: [GC concurrent-root-region-scan-end, 0.0127691 secs]
13.331: [GC concurrent-mark-start]
13.333: [GC concurrent-mark-end, 0.0019424 secs]
13.334: [GC remark 13.334: [Finalize Marking, 0.0001581 secs] 13.335: [GC ref-proc, 0.0001308 secs] 13.335: [Unloading, 0.0030846 secs], 0.0036103 secs]
 [Times: user=0.00 sys=0.00, real=0.00 secs] 
13.338: [GC cleanup 42M->42M(4096M), 0.0008503 secs]
 [Times: user=0.00 sys=0.00, real=0.00 secs] 
27.532: [GC pause (G1 Evacuation Pause) (young), 0.0139683 secs]
   [Parallel Time: 11.4 ms, GC Workers: 8]
      [GC Worker Start (ms): Min: 27532.3, Avg: 27532.3, Max: 27532.3, Diff: 0.0]
      [Ext Root Scanning (ms): Min: 0.2, Avg: 0.6, Max: 2.7, Diff: 2.4, Sum: 4.7]
      [Update RS (ms): Min: 0.0, Avg: 0.0, Max: 0.0, Diff: 0.0, Sum: 0.0]
         [Processed Buffers: Min: 0, Avg: 0.0, Max: 0, Diff: 0, Sum: 0]
      [Scan RS (ms): Min: 0.1, Avg: 0.1, Max: 0.2, Diff: 0.1, Sum: 0.8]
      [Code Root Scanning (ms): Min: 0.0, Avg: 1.3, Max: 2.6, Diff: 2.6, Sum: 10.1]
      [Object Copy (ms): Min: 8.1, Avg: 9.3, Max: 10.6, Diff: 2.4, Sum: 74.2]
      [Termination (ms): Min: 0.0, Avg: 0.1, Max: 0.1, Diff: 0.1, Sum: 0.4]
         [Termination Attempts: Min: 1, Avg: 159.6, Max: 212, Diff: 211, Sum: 1277]
      [GC Worker Other (ms): Min: 0.0, Avg: 0.0, Max: 0.1, Diff: 0.1, Sum: 0.3]
      [GC Worker Total (ms): Min: 11.3, Avg: 11.3, Max: 11.4, Diff: 0.1, Sum: 90.6]
      [GC Worker End (ms): Min: 27543.6, Avg: 27543.6, Max: 27543.7, Diff: 0.1]
   [Code Root Fixup: 0.3 ms]
   [Code Root Purge: 0.1 ms]
   [Clear CT: 0.4 ms]
   [Other: 1.8 ms]
      [Choose CSet: 0.0 ms]
      [Ref Proc: 0.5 ms]
      [Ref Enq: 0.0 ms]
      [Redirty Cards: 0.1 ms]
      [Humongous Register: 0.1 ms]
      [Humongous Reclaim: 0.0 ms]
      [Free CSet: 0.9 ms]
   [Eden: 1998.0M(1998.0M)->0.0B(2432.0M) Survivors: 24.0M->24.0M Heap: 2021.0M(4096.0M)->23.0M(4096.0M)]
 [Times: user=0.00 sys=0.00, real=0.01 secs] 
42.180: [GC pause (G1 Evacuation Pause) (young), 0.0152785 secs]
   [Parallel Time: 12.8 ms, GC Workers: 8]
      [GC Worker Start (ms): Min: 42179.8, Avg: 42179.9, Max: 42179.9, Diff: 0.1]
      [Ext Root Scanning (ms): Min: 0.2, Avg: 0.6, Max: 3.0, Diff: 2.8, Sum: 5.1]
      [Update RS (ms): Min: 0.0, Avg: 0.0, Max: 0.0, Diff: 0.0, Sum: 0.0]
         [Processed Buffers: Min: 0, Avg: 0.0, Max: 0, Diff: 0, Sum: 0]
      [Scan RS (ms): Min: 0.0, Avg: 0.2, Max: 0.2, Diff: 0.2, Sum: 1.3]
      [Code Root Scanning (ms): Min: 0.0, Avg: 1.0, Max: 2.7, Diff: 2.7, Sum: 8.0]
      [Object Copy (ms): Min: 9.5, Avg: 10.8, Max: 12.2, Diff: 2.7, Sum: 86.4]
      [Termination (ms): Min: 0.0, Avg: 0.0, Max: 0.0, Diff: 0.0, Sum: 0.2]
         [Termination Attempts: Min: 1, Avg: 176.4, Max: 218, Diff: 217, Sum: 1411]
      [GC Worker Other (ms): Min: 0.0, Avg: 0.1, Max: 0.1, Diff: 0.1, Sum: 0.5]
      [GC Worker Total (ms): Min: 12.6, Avg: 12.7, Max: 12.7, Diff: 0.1, Sum: 101.5]
      [GC Worker End (ms): Min: 42192.5, Avg: 42192.5, Max: 42192.6, Diff: 0.1]
   [Code Root Fixup: 0.4 ms]
   [Code Root Purge: 0.0 ms]
   [Clear CT: 0.4 ms]
   [Other: 1.7 ms]
      [Choose CSet: 0.0 ms]
      [Ref Proc: 0.3 ms]
      [Ref Enq: 0.0 ms]
      [Redirty Cards: 0.1 ms]
      [Humongous Register: 0.0 ms]
      [Humongous Reclaim: 0.0 ms]
      [Free CSet: 1.0 ms]
   [Eden: 2432.0M(2432.0M)->0.0B(2432.0M) Survivors: 24.0M->24.0M Heap: 2455.0M(4096.0M)->24.0M(4096.0M)]
 [Times: user=0.09 sys=0.01, real=0.01 secs] 
56.874: [GC pause (G1 Evacuation Pause) (young), 0.0151056 secs]
   [Parallel Time: 12.9 ms, GC Workers: 8]
      [GC Worker Start (ms): Min: 56873.9, Avg: 56873.9, Max: 56873.9, Diff: 0.1]
      [Ext Root Scanning (ms): Min: 0.3, Avg: 0.6, Max: 2.7, Diff: 2.4, Sum: 4.8]
      [Update RS (ms): Min: 0.0, Avg: 0.0, Max: 0.0, Diff: 0.0, Sum: 0.0]
         [Processed Buffers: Min: 0, Avg: 0.0, Max: 0, Diff: 0, Sum: 0]
      [Scan RS (ms): Min: 0.0, Avg: 0.1, Max: 0.2, Diff: 0.2, Sum: 1.1]
      [Code Root Scanning (ms): Min: 0.0, Avg: 0.9, Max: 2.1, Diff: 2.1, Sum: 7.3]
      [Object Copy (ms): Min: 9.9, Avg: 10.9, Max: 12.1, Diff: 2.2, Sum: 87.4]
      [Termination (ms): Min: 0.0, Avg: 0.0, Max: 0.0, Diff: 0.0, Sum: 0.3]
         [Termination Attempts: Min: 1, Avg: 259.5, Max: 326, Diff: 325, Sum: 2076]
      [GC Worker Other (ms): Min: 0.0, Avg: 0.1, Max: 0.2, Diff: 0.1, Sum: 0.8]
      [GC Worker Total (ms): Min: 12.6, Avg: 12.7, Max: 12.8, Diff: 0.1, Sum: 101.7]
      [GC Worker End (ms): Min: 56886.5, Avg: 56886.6, Max: 56886.7, Diff: 0.1]
   [Code Root Fixup: 0.3 ms]
   [Code Root Purge: 0.0 ms]
   [Clear CT: 0.4 ms]
   [Other: 1.5 ms]
      [Choose CSet: 0.0 ms]
      [Ref Proc: 0.3 ms]
      [Ref Enq: 0.0 ms]
      [Redirty Cards: 0.1 ms]
      [Humongous Register: 0.0 ms]
      [Humongous Reclaim: 0.0 ms]
      [Free CSet: 0.9 ms]
   [Eden: 2432.0M(2432.0M)->0.0B(2434.0M) Survivors: 24.0M->22.0M Heap: 2456.0M(4096.0M)->22.0M(4096.0M)]
 [Times: user=0.13 sys=0.00, real=0.02 secs] 
72.643: [GC pause (G1 Evacuation Pause) (young), 0.0149397 secs]
   [Parallel Time: 12.6 ms, GC Workers: 8]
      [GC Worker Start (ms): Min: 72643.2, Avg: 72643.2, Max: 72643.2, Diff: 0.1]
      [Ext Root Scanning (ms): Min: 0.2, Avg: 0.5, Max: 2.6, Diff: 2.4, Sum: 4.3]
      [Update RS (ms): Min: 0.0, Avg: 0.0, Max: 0.0, Diff: 0.0, Sum: 0.0]
         [Processed Buffers: Min: 0, Avg: 0.0, Max: 0, Diff: 0, Sum: 0]
      [Scan RS (ms): Min: 0.0, Avg: 0.1, Max: 0.2, Diff: 0.2, Sum: 1.1]
      [Code Root Scanning (ms): Min: 0.0, Avg: 0.9, Max: 1.9, Diff: 1.9, Sum: 7.4]
      [Object Copy (ms): Min: 9.8, Avg: 10.7, Max: 12.1, Diff: 2.4, Sum: 86.0]
      [Termination (ms): Min: 0.0, Avg: 0.0, Max: 0.1, Diff: 0.1, Sum: 0.3]
         [Termination Attempts: Min: 1, Avg: 253.9, Max: 310, Diff: 309, Sum: 2031]
      [GC Worker Other (ms): Min: 0.0, Avg: 0.1, Max: 0.1, Diff: 0.1, Sum: 0.5]
      [GC Worker Total (ms): Min: 12.4, Avg: 12.4, Max: 12.5, Diff: 0.1, Sum: 99.6]
      [GC Worker End (ms): Min: 72655.6, Avg: 72655.7, Max: 72655.7, Diff: 0.1]
   [Code Root Fixup: 0.4 ms]
   [Code Root Purge: 0.0 ms]
   [Clear CT: 0.4 ms]
   [Other: 1.6 ms]
      [Choose CSet: 0.0 ms]
      [Ref Proc: 0.4 ms]
      [Ref Enq: 0.0 ms]
      [Redirty Cards: 0.2 ms]
      [Humongous Register: 0.0 ms]
      [Humongous Reclaim: 0.0 ms]
      [Free CSet: 0.9 ms]
   [Eden: 2434.0M(2434.0M)->0.0B(2434.0M) Survivors: 22.0M->22.0M Heap: 2456.0M(4096.0M)->21.0M(4096.0M)]
 [Times: user=0.25 sys=0.00, real=0.02 secs] 


java -Xms4g -Xmx4g -XX:+PrintGCDetails -XX:+UseG1GC -Xloggc:gateway4gG1Secondgc.log -jar .\gateway-server-0.0.1-SNAPSHOT.jar

java -Xms4g -Xmx4g -XX:+PrintGCDetails -XX:+UseConcMarkSweepGC -Xloggc:gateway4gG1Secondgc.log -jar .\gateway-server-0.0.1-SNAPSHOT.jar
-XX:+UseConcMarkSweepGC [并发标记清理收集器]


PS C:\Users\admin> sb -u http://localhost:8088/api/hello -c 20 -N 60
Starting at 2021/7/28 13:34:20
[Press C to stop the test]
371297  (RPS: 5691.5)
---------------Finished!----------------
Finished at 2021/7/28 13:35:25 (took 00:01:05.3521590)
Status 200:    371297

RPS: 6074.5 (requests/second)
Max: 337ms
Min: 0ms
Avg: 0.1ms

  50%   below 0ms
  60%   below 0ms
  70%   below 0ms
  80%   below 0ms
  90%   below 0ms
  95%   below 0ms
  98%   below 2ms
  99%   below 2ms
99.9%   below 9ms