Java HotSpot(TM) 64-Bit Server VM (25.251-b08) for windows-amd64 JRE (1.8.0_251-b08), built on Mar 12 2020 06:31:49 by "" with MS VC++ 10.0 (VS2010)
Memory: 4k page, physical 16474840k(3577792k free), swap 24666840k(3432716k free)
CommandLine flags: -XX:InitialHeapSize=536870912 -XX:MaxHeapSize=536870912 -XX:MaxNewSize=178958336 -XX:MaxTenuringThreshold=6 -XX:NewSize=178958336 -XX:OldPLABSize=16 -XX:OldSize=357912576 -XX:+PrintGC -XX:+PrintGCDateStamps -XX:+PrintGCDetails -XX:+PrintGCTimeStamps -XX:+UseCompressedClassPointers -XX:+UseCompressedOops -XX:+UseConcMarkSweepGC -XX:-UseLargePagesIndividualAllocation -XX:+UseParNewGC 
2021-07-22T17:26:38.922+0800: 0.204: [GC (Allocation Failure) 2021-07-22T17:26:38.922+0800: 0.205: [ParNew: 139776K->17468K(157248K), 0.0154029 secs] 139776K->44535K(506816K), 0.0162513 secs] [Times: user=0.09 sys=0.00, real=0.02 secs] 
2021-07-22T17:26:38.958+0800: 0.241: [GC (Allocation Failure) 2021-07-22T17:26:38.958+0800: 0.241: [ParNew: 157244K->17470K(157248K), 0.0082874 secs] 184311K->85695K(506816K), 0.0083966 secs] [Times: user=0.00 sys=0.00, real=0.01 secs] 
2021-07-22T17:26:39.008+0800: 0.291: [GC (Allocation Failure) 2021-07-22T17:26:39.008+0800: 0.291: [ParNew: 157246K->17472K(157248K), 0.0166027 secs] 225471K->125929K(506816K), 0.0166685 secs] [Times: user=0.11 sys=0.02, real=0.02 secs] 
2021-07-22T17:26:39.040+0800: 0.323: [GC (Allocation Failure) 2021-07-22T17:26:39.040+0800: 0.323: [ParNew: 156565K->17470K(157248K), 0.0202524 secs] 265023K->177582K(506816K), 0.0203203 secs] [Times: user=0.13 sys=0.00, real=0.02 secs] 
2021-07-22T17:26:39.124+0800: 0.407: [GC (Allocation Failure) 2021-07-22T17:26:39.124+0800: 0.407: [ParNew: 157246K->17466K(157248K), 0.0222431 secs] 317358K->223143K(506816K), 0.0223325 secs] [Times: user=0.19 sys=0.05, real=0.02 secs] 
2021-07-22T17:26:39.146+0800: 0.429: [GC (CMS Initial Mark) [1 CMS-initial-mark: 205676K(349568K)] 223223K(506816K), 0.0001291 secs] [Times: user=0.00 sys=0.00, real=0.00 secs] 
2021-07-22T17:26:39.146+0800: 0.429: [CMS-concurrent-mark-start]
2021-07-22T17:26:39.148+0800: 0.430: [CMS-concurrent-mark: 0.001/0.001 secs] [Times: user=0.00 sys=0.00, real=0.00 secs] 
2021-07-22T17:26:39.148+0800: 0.431: [CMS-concurrent-preclean-start]
2021-07-22T17:26:39.148+0800: 0.431: [CMS-concurrent-preclean: 0.000/0.000 secs] [Times: user=0.00 sys=0.00, real=0.00 secs] 
2021-07-22T17:26:39.148+0800: 0.431: [CMS-concurrent-abortable-preclean-start]
2021-07-22T17:26:39.161+0800: 0.443: [GC (Allocation Failure) 2021-07-22T17:26:39.161+0800: 0.443: [ParNew: 157111K->17468K(157248K), 0.0186146 secs] 362788K->269887K(506816K), 0.0186885 secs] [Times: user=0.11 sys=0.02, real=0.02 secs] 
2021-07-22T17:26:39.195+0800: 0.478: [GC (Allocation Failure) 2021-07-22T17:26:39.195+0800: 0.478: [ParNew: 157244K->17468K(157248K), 0.0166856 secs] 409663K->312288K(506816K), 0.0167573 secs] [Times: user=0.11 sys=0.02, real=0.02 secs] 
2021-07-22T17:26:39.227+0800: 0.510: [GC (Allocation Failure) 2021-07-22T17:26:39.227+0800: 0.510: [ParNew: 157244K->17471K(157248K), 0.0165156 secs] 452064K->353782K(506816K), 0.0165932 secs] [Times: user=0.13 sys=0.00, real=0.02 secs] 
2021-07-22T17:26:39.244+0800: 0.527: [CMS-concurrent-abortable-preclean: 0.002/0.096 secs] [Times: user=0.39 sys=0.03, real=0.10 secs] 
2021-07-22T17:26:39.244+0800: 0.527: [GC (CMS Final Remark) [YG occupancy: 20584 K (157248 K)]2021-07-22T17:26:39.244+0800: 0.527: [Rescan (parallel) , 0.0002341 secs]2021-07-22T17:26:39.244+0800: 0.527: [weak refs processing, 0.0000149 secs]2021-07-22T17:26:39.244+0800: 0.527: [class unloading, 0.0001914 secs]2021-07-22T17:26:39.244+0800: 0.527: [scrub symbol table, 0.0002705 secs]2021-07-22T17:26:39.245+0800: 0.527: [scrub string table, 0.0000918 secs][1 CMS-remark: 336310K(349568K)] 356895K(506816K), 0.0008812 secs] [Times: user=0.00 sys=0.00, real=0.00 secs] 
2021-07-22T17:26:39.245+0800: 0.528: [CMS-concurrent-sweep-start]
2021-07-22T17:26:39.245+0800: 0.528: [CMS-concurrent-sweep: 0.000/0.000 secs] [Times: user=0.00 sys=0.00, real=0.00 secs] 
2021-07-22T17:26:39.245+0800: 0.528: [CMS-concurrent-reset-start]
2021-07-22T17:26:39.246+0800: 0.529: [CMS-concurrent-reset: 0.000/0.000 secs] [Times: user=0.00 sys=0.00, real=0.00 secs] 
2021-07-22T17:26:39.258+0800: 0.541: [GC (Allocation Failure) 2021-07-22T17:26:39.258+0800: 0.541: [ParNew: 157247K->17468K(157248K), 0.0108909 secs] 453491K->362593K(506816K), 0.0109668 secs] [Times: user=0.11 sys=0.02, real=0.01 secs] 
2021-07-22T17:26:39.269+0800: 0.552: [GC (CMS Initial Mark) [1 CMS-initial-mark: 345125K(349568K)] 362943K(506816K), 0.0001243 secs] [Times: user=0.00 sys=0.00, real=0.00 secs] 
2021-07-22T17:26:39.269+0800: 0.553: [CMS-concurrent-mark-start]
2021-07-22T17:26:39.270+0800: 0.554: [CMS-concurrent-mark: 0.001/0.001 secs] [Times: user=0.00 sys=0.00, real=0.00 secs] 
2021-07-22T17:26:39.270+0800: 0.554: [CMS-concurrent-preclean-start]
2021-07-22T17:26:39.271+0800: 0.554: [CMS-concurrent-preclean: 0.000/0.000 secs] [Times: user=0.00 sys=0.00, real=0.00 secs] 
2021-07-22T17:26:39.271+0800: 0.554: [CMS-concurrent-abortable-preclean-start]
2021-07-22T17:26:39.271+0800: 0.554: [CMS-concurrent-abortable-preclean: 0.000/0.000 secs] [Times: user=0.00 sys=0.00, real=0.00 secs] 
2021-07-22T17:26:39.271+0800: 0.554: [GC (CMS Final Remark) [YG occupancy: 34742 K (157248 K)]2021-07-22T17:26:39.271+0800: 0.554: [Rescan (parallel) , 0.0002352 secs]2021-07-22T17:26:39.271+0800: 0.554: [weak refs processing, 0.0000086 secs]2021-07-22T17:26:39.271+0800: 0.554: [class unloading, 0.0001851 secs]2021-07-22T17:26:39.271+0800: 0.555: [scrub symbol table, 0.0002475 secs]2021-07-22T17:26:39.272+0800: 0.555: [scrub string table, 0.0000922 secs][1 CMS-remark: 345125K(349568K)] 379867K(506816K), 0.0008279 secs] [Times: user=0.00 sys=0.00, real=0.00 secs] 
2021-07-22T17:26:39.272+0800: 0.555: [CMS-concurrent-sweep-start]
2021-07-22T17:26:39.272+0800: 0.556: [CMS-concurrent-sweep: 0.001/0.001 secs] [Times: user=0.00 sys=0.00, real=0.00 secs] 
2021-07-22T17:26:39.272+0800: 0.556: [CMS-concurrent-reset-start]
2021-07-22T17:26:39.273+0800: 0.556: [CMS-concurrent-reset: 0.000/0.000 secs] [Times: user=0.00 sys=0.00, real=0.00 secs] 
2021-07-22T17:26:39.286+0800: 0.569: [GC (Allocation Failure) 2021-07-22T17:26:39.286+0800: 0.569: [ParNew: 157244K->17471K(157248K), 0.0079362 secs] 402318K->304629K(506816K), 0.0080025 secs] [Times: user=0.00 sys=0.00, real=0.01 secs] 
2021-07-22T17:26:39.294+0800: 0.577: [GC (CMS Initial Mark) [1 CMS-initial-mark: 287157K(349568K)] 304917K(506816K), 0.0001029 secs] [Times: user=0.00 sys=0.00, real=0.00 secs] 
2021-07-22T17:26:39.294+0800: 0.577: [CMS-concurrent-mark-start]
2021-07-22T17:26:39.295+0800: 0.578: [CMS-concurrent-mark: 0.001/0.001 secs] [Times: user=0.00 sys=0.00, real=0.00 secs] 
2021-07-22T17:26:39.295+0800: 0.579: [CMS-concurrent-preclean-start]
2021-07-22T17:26:39.296+0800: 0.579: [CMS-concurrent-preclean: 0.000/0.000 secs] [Times: user=0.00 sys=0.00, real=0.00 secs] 
2021-07-22T17:26:39.296+0800: 0.579: [CMS-concurrent-abortable-preclean-start]
2021-07-22T17:26:39.333+0800: 0.617: [GC (Allocation Failure) 2021-07-22T17:26:39.333+0800: 0.617: [ParNew: 157247K->17470K(157248K), 0.0111845 secs] 444405K->346129K(506816K), 0.0112868 secs] [Times: user=0.00 sys=0.00, real=0.01 secs] 
2021-07-22T17:26:39.345+0800: 0.629: [CMS-concurrent-abortable-preclean: 0.001/0.050 secs] [Times: user=0.05 sys=0.00, real=0.05 secs] 
2021-07-22T17:26:39.346+0800: 0.629: [GC (CMS Final Remark) [YG occupancy: 27458 K (157248 K)]2021-07-22T17:26:39.346+0800: 0.629: [Rescan (parallel) , 0.0003564 secs]2021-07-22T17:26:39.346+0800: 0.629: [weak refs processing, 0.0000139 secs]2021-07-22T17:26:39.346+0800: 0.629: [class unloading, 0.0002027 secs]2021-07-22T17:26:39.346+0800: 0.630: [scrub symbol table, 0.0003668 secs]2021-07-22T17:26:39.347+0800: 0.630: [scrub string table, 0.0001284 secs][1 CMS-remark: 328658K(349568K)] 356117K(506816K), 0.0011554 secs] [Times: user=0.02 sys=0.00, real=0.00 secs] 
2021-07-22T17:26:39.347+0800: 0.630: [CMS-concurrent-sweep-start]
2021-07-22T17:26:39.348+0800: 0.631: [CMS-concurrent-sweep: 0.001/0.001 secs] [Times: user=0.00 sys=0.00, real=0.00 secs] 
2021-07-22T17:26:39.348+0800: 0.631: [CMS-concurrent-reset-start]
2021-07-22T17:26:39.348+0800: 0.631: [CMS-concurrent-reset: 0.000/0.000 secs] [Times: user=0.00 sys=0.00, real=0.00 secs] 
2021-07-22T17:26:39.364+0800: 0.648: [GC (Allocation Failure) 2021-07-22T17:26:39.364+0800: 0.648: [ParNew: 157246K->17471K(157248K), 0.0087275 secs] 455448K->361716K(506816K), 0.0087960 secs] [Times: user=0.00 sys=0.00, real=0.01 secs] 
2021-07-22T17:26:39.373+0800: 0.657: [GC (CMS Initial Mark) [1 CMS-initial-mark: 344245K(349568K)] 361877K(506816K), 0.0001141 secs] [Times: user=0.00 sys=0.00, real=0.00 secs] 
2021-07-22T17:26:39.373+0800: 0.657: [CMS-concurrent-mark-start]
2021-07-22T17:26:39.375+0800: 0.658: [CMS-concurrent-mark: 0.001/0.001 secs] [Times: user=0.00 sys=0.00, real=0.00 secs] 
2021-07-22T17:26:39.375+0800: 0.658: [CMS-concurrent-preclean-start]
2021-07-22T17:26:39.375+0800: 0.658: [CMS-concurrent-preclean: 0.000/0.000 secs] [Times: user=0.00 sys=0.00, real=0.00 secs] 
2021-07-22T17:26:39.375+0800: 0.658: [CMS-concurrent-abortable-preclean-start]
2021-07-22T17:26:39.375+0800: 0.658: [CMS-concurrent-abortable-preclean: 0.000/0.000 secs] [Times: user=0.00 sys=0.00, real=0.00 secs] 
2021-07-22T17:26:39.375+0800: 0.658: [GC (CMS Final Remark) [YG occupancy: 33691 K (157248 K)]2021-07-22T17:26:39.375+0800: 0.659: [Rescan (parallel) , 0.0019100 secs]2021-07-22T17:26:39.377+0800: 0.661: [weak refs processing, 0.0000835 secs]2021-07-22T17:26:39.377+0800: 0.661: [class unloading, 0.0010627 secs]2021-07-22T17:26:39.378+0800: 0.662: [scrub symbol table, 0.0019729 secs]2021-07-22T17:26:39.381+0800: 0.664: [scrub string table, 0.0010533 secs][1 CMS-remark: 344245K(349568K)] 377937K(506816K), 0.0066753 secs] [Times: user=0.02 sys=0.00, real=0.01 secs] 
2021-07-22T17:26:39.382+0800: 0.666: [CMS-concurrent-sweep-start]
2021-07-22T17:26:39.387+0800: 0.671: [CMS-concurrent-sweep: 0.005/0.005 secs] [Times: user=0.00 sys=0.00, real=0.01 secs] 
2021-07-22T17:26:39.388+0800: 0.671: [CMS-concurrent-reset-start]
2021-07-22T17:26:39.390+0800: 0.673: [CMS-concurrent-reset: 0.002/0.002 secs] [Times: user=0.00 sys=0.00, real=0.00 secs] 
2021-07-22T17:26:39.418+0800: 0.701: [GC (Allocation Failure) 2021-07-22T17:26:39.418+0800: 0.702: [ParNew: 157247K->17471K(157248K), 0.0111971 secs] 429409K->339207K(506816K), 0.0112798 secs] [Times: user=0.13 sys=0.00, real=0.01 secs] 
2021-07-22T17:26:39.429+0800: 0.713: [GC (CMS Initial Mark) [1 CMS-initial-mark: 321736K(349568K)] 339826K(506816K), 0.0001856 secs] [Times: user=0.00 sys=0.00, real=0.00 secs] 
2021-07-22T17:26:39.430+0800: 0.713: [CMS-concurrent-mark-start]
2021-07-22T17:26:39.431+0800: 0.714: [CMS-concurrent-mark: 0.001/0.001 secs] [Times: user=0.00 sys=0.00, real=0.00 secs] 
2021-07-22T17:26:39.431+0800: 0.715: [CMS-concurrent-preclean-start]
2021-07-22T17:26:39.432+0800: 0.715: [CMS-concurrent-preclean: 0.000/0.000 secs] [Times: user=0.00 sys=0.00, real=0.00 secs] 
2021-07-22T17:26:39.432+0800: 0.715: [CMS-concurrent-abortable-preclean-start]
2021-07-22T17:26:39.432+0800: 0.715: [CMS-concurrent-abortable-preclean: 0.000/0.000 secs] [Times: user=0.00 sys=0.00, real=0.00 secs] 
2021-07-22T17:26:39.432+0800: 0.715: [GC (CMS Final Remark) [YG occupancy: 33867 K (157248 K)]2021-07-22T17:26:39.432+0800: 0.715: [Rescan (parallel) , 0.0002614 secs]2021-07-22T17:26:39.432+0800: 0.715: [weak refs processing, 0.0000105 secs]2021-07-22T17:26:39.432+0800: 0.715: [class unloading, 0.0001777 secs]2021-07-22T17:26:39.432+0800: 0.716: [scrub symbol table, 0.0002881 secs]2021-07-22T17:26:39.433+0800: 0.716: [scrub string table, 0.0000951 secs][1 CMS-remark: 321736K(349568K)] 355603K(506816K), 0.0009020 secs] [Times: user=0.00 sys=0.00, real=0.00 secs] 
2021-07-22T17:26:39.433+0800: 0.716: [CMS-concurrent-sweep-start]
2021-07-22T17:26:39.434+0800: 0.717: [CMS-concurrent-sweep: 0.001/0.001 secs] [Times: user=0.00 sys=0.00, real=0.00 secs] 
2021-07-22T17:26:39.434+0800: 0.717: [CMS-concurrent-reset-start]
2021-07-22T17:26:39.434+0800: 0.717: [CMS-concurrent-reset: 0.000/0.000 secs] [Times: user=0.00 sys=0.00, real=0.00 secs] 
2021-07-22T17:26:39.448+0800: 0.732: [GC (Allocation Failure) 2021-07-22T17:26:39.448+0800: 0.732: [ParNew: 157247K->17471K(157248K), 0.0089154 secs] 444342K->351519K(506816K), 0.0089951 secs] [Times: user=0.13 sys=0.00, real=0.01 secs] 
2021-07-22T17:26:39.457+0800: 0.741: [GC (CMS Initial Mark) [1 CMS-initial-mark: 334048K(349568K)] 354397K(506816K), 0.0001910 secs] [Times: user=0.00 sys=0.00, real=0.00 secs] 
2021-07-22T17:26:39.458+0800: 0.741: [CMS-concurrent-mark-start]
2021-07-22T17:26:39.459+0800: 0.742: [CMS-concurrent-mark: 0.001/0.001 secs] [Times: user=0.00 sys=0.00, real=0.00 secs] 
2021-07-22T17:26:39.459+0800: 0.742: [CMS-concurrent-preclean-start]
2021-07-22T17:26:39.459+0800: 0.743: [CMS-concurrent-preclean: 0.000/0.000 secs] [Times: user=0.00 sys=0.00, real=0.00 secs] 
2021-07-22T17:26:39.459+0800: 0.743: [CMS-concurrent-abortable-preclean-start]
2021-07-22T17:26:39.459+0800: 0.743: [CMS-concurrent-abortable-preclean: 0.000/0.000 secs] [Times: user=0.00 sys=0.00, real=0.00 secs] 
2021-07-22T17:26:39.459+0800: 0.743: [GC (CMS Final Remark) [YG occupancy: 30355 K (157248 K)]2021-07-22T17:26:39.459+0800: 0.743: [Rescan (parallel) , 0.0003193 secs]2021-07-22T17:26:39.460+0800: 0.743: [weak refs processing, 0.0000098 secs]2021-07-22T17:26:39.460+0800: 0.743: [class unloading, 0.0001812 secs]2021-07-22T17:26:39.460+0800: 0.743: [scrub symbol table, 0.0002578 secs]2021-07-22T17:26:39.460+0800: 0.744: [scrub string table, 0.0000822 secs][1 CMS-remark: 334048K(349568K)] 364403K(506816K), 0.0009150 secs] [Times: user=0.00 sys=0.00, real=0.00 secs] 
2021-07-22T17:26:39.460+0800: 0.744: [CMS-concurrent-sweep-start]
2021-07-22T17:26:39.461+0800: 0.745: [CMS-concurrent-sweep: 0.001/0.001 secs] [Times: user=0.00 sys=0.00, real=0.00 secs] 
2021-07-22T17:26:39.461+0800: 0.745: [CMS-concurrent-reset-start]
2021-07-22T17:26:39.461+0800: 0.745: [CMS-concurrent-reset: 0.000/0.000 secs] [Times: user=0.00 sys=0.00, real=0.00 secs] 
2021-07-22T17:26:39.475+0800: 0.759: [GC (Allocation Failure) 2021-07-22T17:26:39.475+0800: 0.759: [ParNew: 157247K->17471K(157248K), 0.0083629 secs] 450724K->356260K(506816K), 0.0084299 secs] [Times: user=0.00 sys=0.00, real=0.01 secs] 
2021-07-22T17:26:39.484+0800: 0.767: [GC (CMS Initial Mark) [1 CMS-initial-mark: 338788K(349568K)] 359913K(506816K), 0.0001705 secs] [Times: user=0.00 sys=0.00, real=0.00 secs] 
2021-07-22T17:26:39.484+0800: 0.767: [CMS-concurrent-mark-start]
2021-07-22T17:26:39.485+0800: 0.769: [CMS-concurrent-mark: 0.001/0.001 secs] [Times: user=0.00 sys=0.00, real=0.00 secs] 
2021-07-22T17:26:39.485+0800: 0.769: [CMS-concurrent-preclean-start]
2021-07-22T17:26:39.486+0800: 0.769: [CMS-concurrent-preclean: 0.001/0.001 secs] [Times: user=0.00 sys=0.00, real=0.00 secs] 
2021-07-22T17:26:39.486+0800: 0.769: [CMS-concurrent-abortable-preclean-start]
2021-07-22T17:26:39.486+0800: 0.769: [CMS-concurrent-abortable-preclean: 0.000/0.000 secs] [Times: user=0.00 sys=0.00, real=0.00 secs] 
2021-07-22T17:26:39.486+0800: 0.769: [GC (CMS Final Remark) [YG occupancy: 40154 K (157248 K)]2021-07-22T17:26:39.486+0800: 0.769: [Rescan (parallel) , 0.0003945 secs]2021-07-22T17:26:39.486+0800: 0.770: [weak refs processing, 0.0000092 secs]2021-07-22T17:26:39.487+0800: 0.770: [class unloading, 0.0001651 secs]2021-07-22T17:26:39.487+0800: 0.770: [scrub symbol table, 0.0002599 secs]2021-07-22T17:26:39.487+0800: 0.770: [scrub string table, 0.0000839 secs][1 CMS-remark: 338788K(349568K)] 378943K(506816K), 0.0009741 secs] [Times: user=0.00 sys=0.02, real=0.00 secs] 
2021-07-22T17:26:39.487+0800: 0.770: [CMS-concurrent-sweep-start]
2021-07-22T17:26:39.488+0800: 0.771: [CMS-concurrent-sweep: 0.001/0.001 secs] [Times: user=0.00 sys=0.00, real=0.00 secs] 
2021-07-22T17:26:39.488+0800: 0.771: [CMS-concurrent-reset-start]
2021-07-22T17:26:39.488+0800: 0.772: [CMS-concurrent-reset: 0.000/0.000 secs] [Times: user=0.00 sys=0.00, real=0.00 secs] 
2021-07-22T17:26:39.501+0800: 0.784: [GC (Allocation Failure) 2021-07-22T17:26:39.501+0800: 0.784: [ParNew: 157247K->157247K(157248K), 0.0000203 secs]2021-07-22T17:26:39.501+0800: 0.784: [CMS: 302517K->328816K(349568K), 0.0399219 secs] 459765K->328816K(506816K), [Metaspace: 2647K->2647K(1056768K)], 0.0400646 secs] [Times: user=0.05 sys=0.00, real=0.04 secs] 
2021-07-22T17:26:39.541+0800: 0.824: [GC (CMS Initial Mark) [1 CMS-initial-mark: 328816K(349568K)] 329104K(506816K), 0.0001302 secs] [Times: user=0.00 sys=0.00, real=0.00 secs] 
2021-07-22T17:26:39.541+0800: 0.824: [CMS-concurrent-mark-start]
2021-07-22T17:26:39.543+0800: 0.826: [CMS-concurrent-mark: 0.001/0.001 secs] [Times: user=0.00 sys=0.00, real=0.00 secs] 
2021-07-22T17:26:39.543+0800: 0.826: [CMS-concurrent-preclean-start]
2021-07-22T17:26:39.543+0800: 0.826: [CMS-concurrent-preclean: 0.000/0.000 secs] [Times: user=0.00 sys=0.00, real=0.00 secs] 
2021-07-22T17:26:39.543+0800: 0.826: [CMS-concurrent-abortable-preclean-start]
2021-07-22T17:26:39.556+0800: 0.839: [GC (Allocation Failure) 2021-07-22T17:26:39.556+0800: 0.839: [ParNew: 139776K->139776K(157248K), 0.0000159 secs]2021-07-22T17:26:39.556+0800: 0.839: [CMS2021-07-22T17:26:39.556+0800: 0.839: [CMS-concurrent-abortable-preclean: 0.000/0.013 secs] [Times: user=0.02 sys=0.00, real=0.01 secs] 
 (concurrent mode failure): 328816K->334082K(349568K), 0.0793605 secs] 468592K->334082K(506816K), [Metaspace: 2647K->2647K(1056768K)], 0.0794632 secs] [Times: user=0.08 sys=0.00, real=0.08 secs] 
2021-07-22T17:26:39.652+0800: 0.935: [GC (Allocation Failure) 2021-07-22T17:26:39.652+0800: 0.935: [ParNew (promotion failed): 139776K->157247K(157248K), 0.0051711 secs]2021-07-22T17:26:39.657+0800: 0.940: [CMS: 349383K->344610K(349568K), 0.0648100 secs] 473858K->344610K(506816K), [Metaspace: 2647K->2647K(1056768K)], 0.0700864 secs] [Times: user=0.08 sys=0.00, real=0.07 secs] 
2021-07-22T17:26:39.722+0800: 1.005: [GC (CMS Initial Mark) [1 CMS-initial-mark: 344610K(349568K)] 345361K(506816K), 0.0001499 secs] [Times: user=0.00 sys=0.00, real=0.00 secs] 
2021-07-22T17:26:39.722+0800: 1.005: [CMS-concurrent-mark-start]
2021-07-22T17:26:39.723+0800: 1.007: [CMS-concurrent-mark: 0.001/0.001 secs] [Times: user=0.00 sys=0.00, real=0.00 secs] 
2021-07-22T17:26:39.723+0800: 1.007: [CMS-concurrent-preclean-start]
2021-07-22T17:26:39.724+0800: 1.007: [CMS-concurrent-preclean: 0.000/0.000 secs] [Times: user=0.00 sys=0.00, real=0.00 secs] 
2021-07-22T17:26:39.724+0800: 1.007: [CMS-concurrent-abortable-preclean-start]
2021-07-22T17:26:39.724+0800: 1.007: [CMS-concurrent-abortable-preclean: 0.000/0.000 secs] [Times: user=0.00 sys=0.00, real=0.00 secs] 
2021-07-22T17:26:39.724+0800: 1.007: [GC (CMS Final Remark) [YG occupancy: 13129 K (157248 K)]2021-07-22T17:26:39.724+0800: 1.007: [Rescan (parallel) , 0.0003473 secs]2021-07-22T17:26:39.724+0800: 1.008: [weak refs processing, 0.0000100 secs]2021-07-22T17:26:39.724+0800: 1.008: [class unloading, 0.0001821 secs]2021-07-22T17:26:39.725+0800: 1.008: [scrub symbol table, 0.0002913 secs]2021-07-22T17:26:39.725+0800: 1.008: [scrub string table, 0.0000950 secs][1 CMS-remark: 344610K(349568K)] 357739K(506816K), 0.0009980 secs] [Times: user=0.00 sys=0.00, real=0.00 secs] 
2021-07-22T17:26:39.725+0800: 1.008: [CMS-concurrent-sweep-start]
2021-07-22T17:26:39.726+0800: 1.009: [CMS-concurrent-sweep: 0.001/0.001 secs] [Times: user=0.00 sys=0.00, real=0.00 secs] 
2021-07-22T17:26:39.726+0800: 1.009: [CMS-concurrent-reset-start]
2021-07-22T17:26:39.727+0800: 1.010: [CMS-concurrent-reset: 0.000/0.000 secs] [Times: user=0.00 sys=0.00, real=0.00 secs] 
2021-07-22T17:26:39.740+0800: 1.024: [GC (Allocation Failure) 2021-07-22T17:26:39.740+0800: 1.024: [ParNew: 139776K->139776K(157248K), 0.0000160 secs]2021-07-22T17:26:39.740+0800: 1.024: [CMS: 344610K->349452K(349568K), 0.0477724 secs] 484386K->352674K(506816K), [Metaspace: 2647K->2647K(1056768K)], 0.0478659 secs] [Times: user=0.05 sys=0.00, real=0.05 secs] 
2021-07-22T17:26:39.788+0800: 1.072: [GC (CMS Initial Mark) [1 CMS-initial-mark: 349452K(349568K)] 352818K(506816K), 0.0002187 secs] [Times: user=0.00 sys=0.00, real=0.00 secs] 
2021-07-22T17:26:39.789+0800: 1.072: [CMS-concurrent-mark-start]
2021-07-22T17:26:39.790+0800: 1.073: [CMS-concurrent-mark: 0.001/0.001 secs] [Times: user=0.00 sys=0.00, real=0.00 secs] 
2021-07-22T17:26:39.790+0800: 1.073: [CMS-concurrent-preclean-start]
2021-07-22T17:26:39.791+0800: 1.074: [CMS-concurrent-preclean: 0.001/0.001 secs] [Times: user=0.00 sys=0.00, real=0.00 secs] 
2021-07-22T17:26:39.791+0800: 1.074: [CMS-concurrent-abortable-preclean-start]
2021-07-22T17:26:39.791+0800: 1.074: [CMS-concurrent-abortable-preclean: 0.000/0.000 secs] [Times: user=0.00 sys=0.00, real=0.00 secs] 
2021-07-22T17:26:39.791+0800: 1.075: [GC (CMS Final Remark) [YG occupancy: 27725 K (157248 K)]2021-07-22T17:26:39.791+0800: 1.075: [Rescan (parallel) , 0.0003755 secs]2021-07-22T17:26:39.792+0800: 1.075: [weak refs processing, 0.0000104 secs]2021-07-22T17:26:39.792+0800: 1.075: [class unloading, 0.0001684 secs]2021-07-22T17:26:39.792+0800: 1.075: [scrub symbol table, 0.0002688 secs]2021-07-22T17:26:39.792+0800: 1.075: [scrub string table, 0.0000831 secs][1 CMS-remark: 349452K(349568K)] 377178K(506816K), 0.0009744 secs] [Times: user=0.00 sys=0.00, real=0.00 secs] 
2021-07-22T17:26:39.792+0800: 1.076: [CMS-concurrent-sweep-start]
2021-07-22T17:26:39.793+0800: 1.076: [CMS-concurrent-sweep: 0.000/0.000 secs] [Times: user=0.00 sys=0.00, real=0.00 secs] 
2021-07-22T17:26:39.793+0800: 1.076: [CMS-concurrent-reset-start]
2021-07-22T17:26:39.793+0800: 1.076: [CMS-concurrent-reset: 0.000/0.000 secs] [Times: user=0.00 sys=0.00, real=0.00 secs] 
2021-07-22T17:26:39.807+0800: 1.090: [GC (Allocation Failure) 2021-07-22T17:26:39.807+0800: 1.090: [ParNew: 157226K->157226K(157248K), 0.0000231 secs]2021-07-22T17:26:39.807+0800: 1.091: [CMS: 349452K->349400K(349568K), 0.0425770 secs] 506679K->359404K(506816K), [Metaspace: 2647K->2647K(1056768K)], 0.0426774 secs] [Times: user=0.05 sys=0.00, real=0.04 secs] 
2021-07-22T17:26:39.850+0800: 1.133: [GC (CMS Initial Mark) [1 CMS-initial-mark: 349400K(349568K)] 362240K(506816K), 0.0002579 secs] [Times: user=0.00 sys=0.00, real=0.00 secs] 
2021-07-22T17:26:39.850+0800: 1.134: [CMS-concurrent-mark-start]
Heap
 par new generation   total 157248K, used 15635K [0x00000000e0000000, 0x00000000eaaa0000, 0x00000000eaaa0000)
  eden space 139776K,  11% used [0x00000000e0000000, 0x00000000e0f44f48, 0x00000000e8880000)
  from space 17472K,   0% used [0x00000000e8880000, 0x00000000e8880000, 0x00000000e9990000)
  to   space 17472K,   0% used [0x00000000e9990000, 0x00000000e9990000, 0x00000000eaaa0000)
 concurrent mark-sweep generation total 349568K, used 349400K [0x00000000eaaa0000, 0x0000000100000000, 0x0000000100000000)
 Metaspace       used 2653K, capacity 4486K, committed 4864K, reserved 1056768K
  class space    used 291K, capacity 386K, committed 512K, reserved 1048576K

执行结束!共生成对象次数:10582