Java HotSpot(TM) 64-Bit Server VM (25.251-b08) for windows-amd64 JRE (1.8.0_251-b08), built on Mar 12 2020 06:31:49 by "" with MS VC++ 10.0 (VS2010)
Memory: 4k page, physical 16474840k(4683476k free), swap 24666840k(3635812k free)
CommandLine flags: -XX:InitialHeapSize=536870912 -XX:MaxHeapSize=4217559040 -XX:+PrintGC -XX:+PrintGCDateStamps -XX:+PrintGCDetails -XX:+PrintGCTimeStamps -XX:+UseCompressedClassPointers -XX:+UseCompressedOops -XX:-UseLargePagesIndividualAllocation -XX:+UseParallelGC 
2021-07-22T17:10:45.357+0800: 0.144: [GC (Allocation Failure) [PSYoungGen: 131584K->21495K(153088K)] 131584K->40357K(502784K), 0.0056843 secs] [Times: user=0.02 sys=0.00, real=0.01 secs] 
2021-07-22T17:10:45.379+0800: 0.166: [GC (Allocation Failure) [PSYoungGen: 152984K->21485K(284672K)] 171847K->80752K(634368K), 0.0077373 secs] [Times: user=0.00 sys=0.00, real=0.01 secs] 
2021-07-22T17:10:45.479+0800: 0.266: [GC (Allocation Failure) [PSYoungGen: 284653K->21503K(284672K)] 343920K->157313K(634368K), 0.0353070 secs] [Times: user=0.06 sys=0.17, real=0.04 secs] 
2021-07-22T17:10:45.582+0800: 0.369: [GC (Allocation Failure) [PSYoungGen: 284671K->21498K(547840K)] 420481K->229357K(897536K), 0.0176352 secs] [Times: user=0.00 sys=0.06, real=0.02 secs] 
2021-07-22T17:10:45.720+0800: 0.507: [GC (Allocation Failure) [PSYoungGen: 547834K->21501K(547840K)] 755693K->370019K(897536K), 0.0488004 secs] [Times: user=0.17 sys=0.17, real=0.05 secs] 
2021-07-22T17:10:45.769+0800: 0.556: [Full GC (Ergonomics) [PSYoungGen: 21501K->0K(547840K)] [ParOldGen: 348518K->265686K(571904K)] 370019K->265686K(1119744K), [Metaspace: 2647K->2647K(1056768K)], 0.0312062 secs] [Times: user=0.11 sys=0.02, real=0.03 secs] 
2021-07-22T17:10:45.857+0800: 0.644: [GC (Allocation Failure) [PSYoungGen: 526336K->152237K(1107456K)] 792022K->417923K(1679360K), 0.0302754 secs] [Times: user=0.00 sys=0.19, real=0.03 secs] 
2021-07-22T17:10:46.184+0800: 0.971: [GC (Allocation Failure) [PSYoungGen: 1107117K->193011K(1161216K)] 1372803K->559262K(1733120K), 0.0398200 secs] [Times: user=0.08 sys=0.27, real=0.04 secs] 
Heap
 PSYoungGen      total 1161216K, used 759444K [0x000000076c300000, 0x00000007c0000000, 0x00000007c0000000)
  eden space 968192K, 58% used [0x000000076c300000,0x000000078ec28440,0x00000007a7480000)
  from space 193024K, 99% used [0x00000007a7480000,0x00000007b30fce40,0x00000007b3100000)
  to   space 211968K, 0% used [0x00000007b3100000,0x00000007b3100000,0x00000007c0000000)
 ParOldGen       total 571904K, used 366250K [0x00000006c4800000, 0x00000006e7680000, 0x000000076c300000)
  object space 571904K, 64% used [0x00000006c4800000,0x00000006dadaa9c0,0x00000006e7680000)
 Metaspace       used 2653K, capacity 4486K, committed 4864K, reserved 1056768K
  class space    used 291K, capacity 386K, committed 512K, reserved 1048576K
