Java HotSpot(TM) 64-Bit Server VM (25.251-b08) for windows-amd64 JRE (1.8.0_251-b08), built on Mar 12 2020 06:31:49 by "" with MS VC++ 10.0 (VS2010)
Memory: 4k page, physical 16474840k(4780304k free), swap 24666840k(3568544k free)
CommandLine flags: -XX:InitialHeapSize=134217728 -XX:MaxHeapSize=134217728 -XX:+PrintGC -XX:+PrintGCDetails -XX:+PrintGCTimeStamps -XX:+UseCompressedClassPointers -XX:+UseCompressedOops -XX:-UseLargePagesIndividualAllocation -XX:+UseParallelGC 
0.181: [GC (Allocation Failure) [PSYoungGen: 33138K->5114K(38400K)] 33138K->14099K(125952K), 0.0023132 secs] [Times: user=0.00 sys=0.00, real=0.00 secs] 
0.210: [GC (Allocation Failure) [PSYoungGen: 38374K->5101K(38400K)] 47358K->28172K(125952K), 0.0029367 secs] [Times: user=0.00 sys=0.00, real=0.00 secs] 
0.218: [GC (Allocation Failure) [PSYoungGen: 38066K->5117K(38400K)] 61137K->37780K(125952K), 0.0024643 secs] [Times: user=0.03 sys=0.09, real=0.00 secs] 
0.226: [GC (Allocation Failure) [PSYoungGen: 38220K->5115K(38400K)] 70883K->50216K(125952K), 0.0029385 secs] [Times: user=0.00 sys=0.00, real=0.00 secs] 
0.233: [GC (Allocation Failure) [PSYoungGen: 38395K->5108K(38400K)] 83496K->61392K(125952K), 0.0030661 secs] [Times: user=0.00 sys=0.13, real=0.00 secs] 
0.249: [GC (Allocation Failure) [PSYoungGen: 38318K->5115K(19968K)] 94601K->72215K(107520K), 0.0114470 secs] [Times: user=0.09 sys=0.00, real=0.01 secs] 
0.266: [GC (Allocation Failure) [PSYoungGen: 19778K->7378K(29184K)] 86878K->76929K(116736K), 0.0026868 secs] [Times: user=0.00 sys=0.00, real=0.00 secs] 
0.272: [GC (Allocation Failure) [PSYoungGen: 21791K->13652K(29184K)] 91342K->83978K(116736K), 0.0024390 secs] [Times: user=0.00 sys=0.00, real=0.00 secs] 
0.279: [GC (Allocation Failure) [PSYoungGen: 28500K->14322K(29184K)] 98826K->90554K(116736K), 0.0039910 secs] [Times: user=0.02 sys=0.09, real=0.00 secs] 
0.283: [Full GC (Ergonomics) [PSYoungGen: 14322K->0K(29184K)] [ParOldGen: 76232K->85279K(87552K)] 90554K->85279K(116736K), [Metaspace: 2647K->2647K(1056768K)], 0.0132249 secs] [Times: user=0.00 sys=0.00, real=0.01 secs] 
0.300: [Full GC (Ergonomics) [PSYoungGen: 14448K->2391K(29184K)] [ParOldGen: 85279K->87530K(87552K)] 99728K->89922K(116736K), [Metaspace: 2647K->2647K(1056768K)], 0.0327896 secs] [Times: user=0.24 sys=0.00, real=0.03 secs] 
0.335: [Full GC (Ergonomics) [PSYoungGen: 14777K->6618K(29184K)] [ParOldGen: 87530K->87406K(87552K)] 102308K->94024K(116736K), [Metaspace: 2647K->2647K(1056768K)], 0.0171679 secs] [Times: user=0.13 sys=0.00, real=0.02 secs] 
0.353: [Full GC (Ergonomics) [PSYoungGen: 14550K->8394K(29184K)] [ParOldGen: 87406K->87230K(87552K)] 101956K->95624K(116736K), [Metaspace: 2647K->2647K(1056768K)], 0.0133842 secs] [Times: user=0.13 sys=0.00, real=0.01 secs] 
0.367: [Full GC (Ergonomics) [PSYoungGen: 14520K->11923K(29184K)] [ParOldGen: 87230K->87045K(87552K)] 101751K->98969K(116736K), [Metaspace: 2647K->2647K(1056768K)], 0.0030135 secs] [Times: user=0.00 sys=0.00, real=0.00 secs] 
0.371: [Full GC (Ergonomics) [PSYoungGen: 14834K->13175K(29184K)] [ParOldGen: 87045K->87011K(87552K)] 101880K->100187K(116736K), [Metaspace: 2647K->2647K(1056768K)], 0.0259376 secs] [Times: user=0.25 sys=0.00, real=0.03 secs] 
0.397: [Full GC (Ergonomics) [PSYoungGen: 14773K->13617K(29184K)] [ParOldGen: 87011K->87458K(87552K)] 101785K->101075K(116736K), [Metaspace: 2647K->2647K(1056768K)], 0.0140722 secs] [Times: user=0.13 sys=0.00, real=0.01 secs] 
0.412: [Full GC (Ergonomics) [PSYoungGen: 14645K->13632K(29184K)] [ParOldGen: 87458K->87458K(87552K)] 102103K->101090K(116736K), [Metaspace: 2647K->2647K(1056768K)], 0.0021097 secs] [Times: user=0.00 sys=0.00, real=0.00 secs] 
0.414: [Full GC (Ergonomics) [PSYoungGen: 14745K->14328K(29184K)] [ParOldGen: 87458K->87458K(87552K)] 102203K->101786K(116736K), [Metaspace: 2647K->2647K(1056768K)], 0.0019257 secs] [Times: user=0.00 sys=0.00, real=0.00 secs] 
0.416: [Full GC (Ergonomics) [PSYoungGen: 14618K->14256K(29184K)] [ParOldGen: 87458K->87458K(87552K)] 102077K->101714K(116736K), [Metaspace: 2647K->2647K(1056768K)], 0.0018941 secs] [Times: user=0.00 sys=0.00, real=0.00 secs] 
0.419: [Full GC (Ergonomics) [PSYoungGen: 14777K->14414K(29184K)] [ParOldGen: 87458K->87458K(87552K)] 102235K->101873K(116736K), [Metaspace: 2647K->2647K(1056768K)], 0.0017980 secs] [Times: user=0.00 sys=0.00, real=0.00 secs] 
0.420: [Full GC (Ergonomics) [PSYoungGen: 14696K->13903K(29184K)] [ParOldGen: 87458K->87458K(87552K)] 102155K->101361K(116736K), [Metaspace: 2647K->2647K(1056768K)], 0.0017151 secs] [Times: user=0.00 sys=0.00, real=0.00 secs] 
0.422: [Full GC (Ergonomics) [PSYoungGen: 14410K->13960K(29184K)] [ParOldGen: 87458K->87021K(87552K)] 101868K->100982K(116736K), [Metaspace: 2647K->2647K(1056768K)], 0.0035784 secs] [Times: user=0.00 sys=0.00, real=0.00 secs] 
0.426: [Full GC (Ergonomics) [PSYoungGen: 14846K->14210K(29184K)] [ParOldGen: 87021K->87021K(87552K)] 101868K->101232K(116736K), [Metaspace: 2647K->2647K(1056768K)], 0.0016451 secs] [Times: user=0.00 sys=0.00, real=0.00 secs] 
0.428: [Full GC (Ergonomics) [PSYoungGen: 14829K->14829K(29184K)] [ParOldGen: 87021K->87021K(87552K)] 101850K->101850K(116736K), [Metaspace: 2647K->2647K(1056768K)], 0.0016646 secs] [Times: user=0.00 sys=0.00, real=0.00 secs] 
0.430: [Full GC (Ergonomics) [PSYoungGen: 14829K->14829K(29184K)] [ParOldGen: 87370K->87339K(87552K)] 102199K->102168K(116736K), [Metaspace: 2647K->2647K(1056768K)], 0.0015755 secs] [Times: user=0.00 sys=0.00, real=0.00 secs] 
0.431: [Full GC (Allocation Failure) [PSYoungGen: 14829K->14829K(29184K)] [ParOldGen: 87339K->87320K(87552K)] 102168K->102149K(116736K), [Metaspace: 2647K->2647K(1056768K)], 0.0206043 secs] [Times: user=0.13 sys=0.00, real=0.02 secs] 
Heap
 PSYoungGen      total 29184K, used 14848K [0x00000000fd580000, 0x0000000100000000, 0x0000000100000000)
  eden space 14848K, 100% used [0x00000000fd580000,0x00000000fe400000,0x00000000fe400000)
  from space 14336K, 0% used [0x00000000fe400000,0x00000000fe400000,0x00000000ff200000)
  to   space 14336K, 0% used [0x00000000ff200000,0x00000000ff200000,0x0000000100000000)
 ParOldGen       total 87552K, used 87320K [0x00000000f8000000, 0x00000000fd580000, 0x00000000fd580000)
  object space 87552K, 99% used [0x00000000f8000000,0x00000000fd546100,0x00000000fd580000)
 Metaspace       used 2677K, capacity 4486K, committed 4864K, reserved 1056768K
  class space    used 294K, capacity 386K, committed 512K, reserved 1048576K

  Exception in thread "main" java.lang.OutOfMemoryError: Java heap space
          at java.util.Arrays.copyOfRange(Unknown Source)
          at java.lang.String.<init>(Unknown Source)
          at java.lang.StringBuilder.toString(Unknown Source)
          at com.example.jvm.customclassload.gc.GCLogAnalysis.generateGarbage(GCLogAnalysis.java:59)
          at com.example.jvm.customclassload.gc.GCLogAnalysis.main(GCLogAnalysis.java:26)


