Java HotSpot(TM) 64-Bit Server VM (25.251-b08) for windows-amd64 JRE (1.8.0_251-b08), built on Mar 12 2020 06:31:49 by "" with MS VC++ 10.0 (VS2010)
Memory: 4k page, physical 16474840k(4442600k free), swap 24666840k(3863632k free)
CommandLine flags: -XX:InitialHeapSize=536870912 -XX:MaxHeapSize=536870912 -XX:+PrintGC -XX:+PrintGCDateStamps -XX:+PrintGCDetails -XX:+PrintGCTimeStamps -XX:+UseCompressedClassPointers -XX:+UseCompressedOops -XX:-UseLargePagesIndividualAllocation -XX:+UseSerialGC 
2021-07-22T16:39:15.518+0800: 0.200: [GC (Allocation Failure) 2021-07-22T16:39:15.518+0800: 0.200: [DefNew: 139776K->17472K(157248K), 0.0151445 secs] 139776K->46647K(506816K), 0.0152937 secs] [Times: user=0.02 sys=0.00, real=0.02 secs] 
2021-07-22T16:39:15.569+0800: 0.251: [GC (Allocation Failure) 2021-07-22T16:39:15.569+0800: 0.251: [DefNew: 157248K->17471K(157248K), 0.0186676 secs] 186423K->86762K(506816K), 0.0187295 secs] [Times: user=0.00 sys=0.02, real=0.02 secs] 
2021-07-22T16:39:15.604+0800: 0.286: [GC (Allocation Failure) 2021-07-22T16:39:15.604+0800: 0.286: [DefNew: 157247K->17471K(157248K), 0.0162483 secs] 226538K->130495K(506816K), 0.0163122 secs] [Times: user=0.00 sys=0.01, real=0.02 secs] 
2021-07-22T16:39:15.637+0800: 0.319: [GC (Allocation Failure) 2021-07-22T16:39:15.637+0800: 0.319: [DefNew: 156991K->17470K(157248K), 0.0148190 secs] 270014K->171858K(506816K), 0.0148840 secs] [Times: user=0.02 sys=0.00, real=0.01 secs] 
2021-07-22T16:39:15.669+0800: 0.351: [GC (Allocation Failure) 2021-07-22T16:39:15.669+0800: 0.351: [DefNew: 157246K->17471K(157248K), 0.0160994 secs] 311634K->216898K(506816K), 0.0161640 secs] [Times: user=0.02 sys=0.00, real=0.02 secs] 
2021-07-22T16:39:15.702+0800: 0.384: [GC (Allocation Failure) 2021-07-22T16:39:15.702+0800: 0.384: [DefNew: 157247K->17471K(157248K), 0.0165031 secs] 356674K->260094K(506816K), 0.0165632 secs] [Times: user=0.00 sys=0.02, real=0.02 secs] 
2021-07-22T16:39:15.751+0800: 0.433: [GC (Allocation Failure) 2021-07-22T16:39:15.751+0800: 0.433: [DefNew: 157247K->17471K(157248K), 0.0165297 secs] 399870K->304687K(506816K), 0.0165965 secs] [Times: user=0.00 sys=0.02, real=0.02 secs] 
2021-07-22T16:39:15.784+0800: 0.466: [GC (Allocation Failure) 2021-07-22T16:39:15.784+0800: 0.466: [DefNew: 156589K->17471K(157248K), 0.0154216 secs] 443806K->345424K(506816K), 0.0155012 secs] [Times: user=0.02 sys=0.00, real=0.02 secs] 
2021-07-22T16:39:15.834+0800: 0.515: [GC (Allocation Failure) 2021-07-22T16:39:15.834+0800: 0.515: [DefNew: 157211K->157211K(157248K), 0.0000136 secs]2021-07-22T16:39:15.834+0800: 0.515: [Tenured: 327952K->273452K(349568K), 0.0299223 secs] 485163K->273452K(506816K), [Metaspace: 2647K->2647K(1056768K)], 0.0300162 secs] [Times: user=0.03 sys=0.00, real=0.03 secs] 
2021-07-22T16:39:15.879+0800: 0.561: [GC (Allocation Failure) 2021-07-22T16:39:15.879+0800: 0.561: [DefNew: 139655K->17470K(157248K), 0.0057360 secs] 413107K->318035K(506816K), 0.0058069 secs] [Times: user=0.00 sys=0.00, real=0.01 secs] 
2021-07-22T16:39:15.901+0800: 0.583: [GC (Allocation Failure) 2021-07-22T16:39:15.901+0800: 0.583: [DefNew: 157230K->17471K(157248K), 0.0103863 secs] 457795K->361798K(506816K), 0.0104520 secs] [Times: user=0.00 sys=0.02, real=0.01 secs] 
2021-07-22T16:39:15.969+0800: 0.651: [GC (Allocation Failure) 2021-07-22T16:39:15.969+0800: 0.651: [DefNew: 157247K->157247K(157248K), 0.0000150 secs]2021-07-22T16:39:15.969+0800: 0.651: [Tenured: 344326K->305461K(349568K), 0.0335087 secs] 501574K->305461K(506816K), [Metaspace: 2647K->2647K(1056768K)], 0.0336196 secs] [Times: user=0.03 sys=0.00, real=0.03 secs] 
2021-07-22T16:39:16.017+0800: 0.699: [GC (Allocation Failure) 2021-07-22T16:39:16.017+0800: 0.699: [DefNew: 139776K->139776K(157248K), 0.0000130 secs]2021-07-22T16:39:16.017+0800: 0.699: [Tenured: 305461K->318599K(349568K), 0.0524807 secs] 445237K->318599K(506816K), [Metaspace: 2647K->2647K(1056768K)], 0.0525668 secs] [Times: user=0.06 sys=0.00, real=0.05 secs] 
2021-07-22T16:39:16.085+0800: 0.767: [GC (Allocation Failure) 2021-07-22T16:39:16.085+0800: 0.767: [DefNew: 139776K->139776K(157248K), 0.0000125 secs]2021-07-22T16:39:16.085+0800: 0.767: [Tenured: 318599K->303982K(349568K), 0.0356349 secs] 458375K->303982K(506816K), [Metaspace: 2647K->2647K(1056768K)], 0.0357614 secs] [Times: user=0.03 sys=0.00, real=0.04 secs] 
2021-07-22T16:39:16.137+0800: 0.818: [GC (Allocation Failure) 2021-07-22T16:39:16.137+0800: 0.818: [DefNew: 139776K->17471K(157248K), 0.0057600 secs] 443758K->352226K(506816K), 0.0058217 secs] [Times: user=0.00 sys=0.00, real=0.00 secs] 
2021-07-22T16:39:16.164+0800: 0.846: [GC (Allocation Failure) 2021-07-22T16:39:16.164+0800: 0.846: [DefNew: 157247K->157247K(157248K), 0.0000134 secs]2021-07-22T16:39:16.164+0800: 0.846: [Tenured: 334754K->338844K(349568K), 0.0299462 secs] 492002K->338844K(506816K), [Metaspace: 2647K->2647K(1056768K)], 0.0300296 secs] [Times: user=0.03 sys=0.00, real=0.03 secs] 
2021-07-22T16:39:16.229+0800: 0.911: [GC (Allocation Failure) 2021-07-22T16:39:16.229+0800: 0.911: [DefNew: 139776K->139776K(157248K), 0.0000136 secs]2021-07-22T16:39:16.229+0800: 0.911: [Tenured: 338844K->341955K(349568K), 0.0333789 secs] 478620K->341955K(506816K), [Metaspace: 2647K->2647K(1056768K)], 0.0334680 secs] [Times: user=0.03 sys=0.00, real=0.03 secs] 
2021-07-22T16:39:16.278+0800: 0.959: [GC (Allocation Failure) 2021-07-22T16:39:16.278+0800: 0.959: [DefNew: 139679K->139679K(157248K), 0.0000196 secs]2021-07-22T16:39:16.278+0800: 0.959: [Tenured: 341955K->349533K(349568K), 0.0386411 secs] 481634K->354695K(506816K), [Metaspace: 2647K->2647K(1056768K)], 0.0387638 secs] [Times: user=0.03 sys=0.02, real=0.04 secs] 
2021-07-22T16:39:16.334+0800: 1.016: [Full GC (Allocation Failure) 2021-07-22T16:39:16.335+0800: 1.016: [Tenured: 349533K->340569K(349568K), 0.0451360 secs] 506688K->340569K(506816K), [Metaspace: 2647K->2647K(1056768K)], 0.0452210 secs] [Times: user=0.05 sys=0.00, real=0.05 secs] 
2021-07-22T16:39:16.394+0800: 1.076: [GC (Allocation Failure) 2021-07-22T16:39:16.394+0800: 1.076: [DefNew: 139774K->139774K(157248K), 0.0000143 secs]2021-07-22T16:39:16.394+0800: 1.076: [Tenured: 340569K->348882K(349568K), 0.0303672 secs] 480344K->360782K(506816K), [Metaspace: 2647K->2647K(1056768K)], 0.0304743 secs] [Times: user=0.01 sys=0.00, real=0.03 secs] 
Heap
 def new generation   total 157248K, used 32298K [0x00000000e0000000, 0x00000000eaaa0000, 0x00000000eaaa0000)
  eden space 139776K,  23% used [0x00000000e0000000, 0x00000000e1f8aae0, 0x00000000e8880000)
  from space 17472K,   0% used [0x00000000e9990000, 0x00000000e9990000, 0x00000000eaaa0000)
  to   space 17472K,   0% used [0x00000000e8880000, 0x00000000e8880000, 0x00000000e9990000)
 tenured generation   total 349568K, used 348882K [0x00000000eaaa0000, 0x0000000100000000, 0x0000000100000000)
   the space 349568K,  99% used [0x00000000eaaa0000, 0x00000000fff54990, 0x00000000fff54a00, 0x0000000100000000)
 Metaspace       used 2653K, capacity 4486K, committed 4864K, reserved 1056768K
  class space    used 291K, capacity 386K, committed 512K, reserved 1048576K
执行结束!共生成对象次数:10735