Java HotSpot(TM) 64-Bit Server VM (25.251-b08) for windows-amd64 JRE (1.8.0_251-b08), built on Mar 12 2020 06:31:49 by "" with MS VC++ 10.0 (VS2010)
Memory: 4k page, physical 16474840k(5505052k free), swap 24666840k(3968560k free)
CommandLine flags: -XX:InitialHeapSize=536870912 -XX:MaxHeapSize=536870912 -XX:+PrintGC -XX:+PrintGCDateStamps -XX:+PrintGCDetails -XX:+PrintGCTimeStamps -XX:+UseCompressedClassPointers -XX:+UseCompressedOops -XX:-UseLargePagesIndividualAllocation -XX:+UseSerialGC 
2021-07-22T16:32:27.004+0800: 0.208: [GC (Allocation Failure) 2021-07-22T16:32:27.005+0800: 0.209: [DefNew: 139776K->17471K(157248K), 0.0292126 secs] 139776K->46798K(506816K), 0.0299788 secs] [Times: user=0.00 sys=0.02, real=0.03 secs] 
2021-07-22T16:32:27.050+0800: 0.255: [GC (Allocation Failure) 2021-07-22T16:32:27.050+0800: 0.255: [DefNew: 156822K->17469K(157248K), 0.0389283 secs] 186148K->94269K(506816K), 0.0390012 secs] [Times: user=0.03 sys=0.00, real=0.04 secs] 
2021-07-22T16:32:27.105+0800: 0.310: [GC (Allocation Failure) 2021-07-22T16:32:27.105+0800: 0.310: [DefNew: 157245K->17470K(157248K), 0.0564282 secs] 234045K->140932K(506816K), 0.0565291 secs] [Times: user=0.01 sys=0.03, real=0.06 secs] 
2021-07-22T16:32:27.181+0800: 0.386: [GC (Allocation Failure) 2021-07-22T16:32:27.181+0800: 0.386: [DefNew: 157246K->17471K(157248K), 0.0156453 secs] 280708K->185622K(506816K), 0.0157096 secs] [Times: user=0.00 sys=0.01, real=0.02 secs] 
2021-07-22T16:32:27.233+0800: 0.438: [GC (Allocation Failure) 2021-07-22T16:32:27.233+0800: 0.438: [DefNew: 157247K->17471K(157248K), 0.0341741 secs] 325398K->229101K(506816K), 0.0342383 secs] [Times: user=0.02 sys=0.02, real=0.03 secs] 
2021-07-22T16:32:27.283+0800: 0.488: [GC (Allocation Failure) 2021-07-22T16:32:27.283+0800: 0.488: [DefNew: 157247K->17471K(157248K), 0.0374162 secs] 368877K->277720K(506816K), 0.0374794 secs] [Times: user=0.02 sys=0.03, real=0.04 secs] 
2021-07-22T16:32:27.336+0800: 0.541: [GC (Allocation Failure) 2021-07-22T16:32:27.336+0800: 0.541: [DefNew: 157024K->17467K(157248K), 0.0157825 secs] 417273K->320084K(506816K), 0.0158456 secs] [Times: user=0.02 sys=0.00, real=0.02 secs] 
2021-07-22T16:32:27.368+0800: 0.573: [GC (Allocation Failure) 2021-07-22T16:32:27.368+0800: 0.573: [DefNew: 157243K->157243K(157248K), 0.0000136 secs]2021-07-22T16:32:27.368+0800: 0.573: [Tenured: 302616K->266455K(349568K), 0.0287264 secs] 459860K->266455K(506816K), [Metaspace: 2647K->2647K(1056768K)], 0.0288203 secs] [Times: user=0.03 sys=0.00, real=0.03 secs] 
2021-07-22T16:32:27.411+0800: 0.616: [GC (Allocation Failure) 2021-07-22T16:32:27.411+0800: 0.616: [DefNew: 139776K->17471K(157248K), 0.0062451 secs] 406231K->316372K(506816K), 0.0063140 secs] [Times: user=0.00 sys=0.00, real=0.01 secs] 
2021-07-22T16:32:27.459+0800: 0.664: [GC (Allocation Failure) 2021-07-22T16:32:27.459+0800: 0.664: [DefNew: 157247K->17471K(157248K), 0.0153701 secs] 456148K->360659K(506816K), 0.0154437 secs] [Times: user=0.00 sys=0.02, real=0.02 secs] 
2021-07-22T16:32:27.490+0800: 0.695: [GC (Allocation Failure) 2021-07-22T16:32:27.490+0800: 0.695: [DefNew: 157247K->157247K(157248K), 0.0000133 secs]2021-07-22T16:32:27.490+0800: 0.695: [Tenured: 343187K->309086K(349568K), 0.0357275 secs] 500435K->309086K(506816K), [Metaspace: 2647K->2647K(1056768K)], 0.0358266 secs] [Times: user=0.03 sys=0.00, real=0.04 secs] 
2021-07-22T16:32:27.543+0800: 0.747: [GC (Allocation Failure) 2021-07-22T16:32:27.543+0800: 0.747: [DefNew: 139776K->139776K(157248K), 0.0000140 secs]2021-07-22T16:32:27.543+0800: 0.747: [Tenured: 309086K->327161K(349568K), 0.0323161 secs] 448862K->327161K(506816K), [Metaspace: 2647K->2647K(1056768K)], 0.0324073 secs] [Times: user=0.03 sys=0.00, real=0.03 secs] 
2021-07-22T16:32:27.610+0800: 0.814: [GC (Allocation Failure) 2021-07-22T16:32:27.610+0800: 0.814: [DefNew: 139776K->139776K(157248K), 0.0000345 secs]2021-07-22T16:32:27.610+0800: 0.814: [Tenured: 327161K->320611K(349568K), 0.0416617 secs] 466937K->320611K(506816K), [Metaspace: 2647K->2647K(1056768K)], 0.0418165 secs] [Times: user=0.05 sys=0.00, real=0.04 secs] 
2021-07-22T16:32:27.683+0800: 0.888: [GC (Allocation Failure) 2021-07-22T16:32:27.683+0800: 0.888: [DefNew: 139776K->139776K(157248K), 0.0000138 secs]2021-07-22T16:32:27.683+0800: 0.888: [Tenured: 320611K->345511K(349568K), 0.0251300 secs] 460387K->345511K(506816K), [Metaspace: 2647K->2647K(1056768K)], 0.0252162 secs] [Times: user=0.03 sys=0.00, real=0.02 secs] 
2021-07-22T16:32:27.724+0800: 0.929: [GC (Allocation Failure) 2021-07-22T16:32:27.724+0800: 0.929: [DefNew: 139776K->139776K(157248K), 0.0000198 secs]2021-07-22T16:32:27.724+0800: 0.929: [Tenured: 345511K->349222K(349568K), 0.0327837 secs] 485287K->352229K(506816K), [Metaspace: 2647K->2647K(1056768K)], 0.0329384 secs] [Times: user=0.03 sys=0.00, real=0.03 secs] 
2021-07-22T16:32:27.773+0800: 0.979: [Full GC (Allocation Failure) 2021-07-22T16:32:27.773+0800: 0.979: [Tenured: 349532K->349420K(349568K), 0.0370362 secs] 506728K->356160K(506816K), [Metaspace: 2647K->2647K(1056768K)], 0.0371041 secs] [Times: user=0.03 sys=0.00, real=0.04 secs] 
2021-07-22T16:32:27.855+0800: 1.060: [Full GC (Allocation Failure) 2021-07-22T16:32:27.855+0800: 1.060: [Tenured: 349420K->340888K(349568K), 0.0452689 secs] 506529K->340888K(506816K), [Metaspace: 2647K->2647K(1056768K)], 0.0453479 secs] [Times: user=0.05 sys=0.00, real=0.05 secs] 
Heap
 def new generation   total 157248K, used 109991K [0x00000000e0000000, 0x00000000eaaa0000, 0x00000000eaaa0000)
  eden space 139776K,  78% used [0x00000000e0000000, 0x00000000e6b69ef0, 0x00000000e8880000)
  from space 17472K,   0% used [0x00000000e9990000, 0x00000000e9990000, 0x00000000eaaa0000)
  to   space 17472K,   0% used [0x00000000e8880000, 0x00000000e8880000, 0x00000000e9990000)
 tenured generation   total 349568K, used 340888K [0x00000000eaaa0000, 0x0000000100000000, 0x0000000100000000)
   the space 349568K,  97% used [0x00000000eaaa0000, 0x00000000ff7862d0, 0x00000000ff786400, 0x0000000100000000)
 Metaspace       used 2653K, capacity 4486K, committed 4864K, reserved 1056768K
  class space    used 291K, capacity 386K, committed 512K, reserved 1048576K
